Archive member included to satisfy reference by file (symbol)

d:/st/stm32cubeide_1.6.1/stm32cubeide/plugins/com.st.stm32cube.ide.mcu.externaltools.gnu-tools-for-stm32.9-2020-q2-update.win32_1.5.0.202011040924/tools/bin/../lib/gcc/arm-none-eabi/9.3.1/../../../../arm-none-eabi/lib/thumb/v7e-m+fp/hard\libc_nano.a(lib_a-errno.o)
                              Core/Src/syscalls.o (__errno)
d:/st/stm32cubeide_1.6.1/stm32cubeide/plugins/com.st.stm32cube.ide.mcu.externaltools.gnu-tools-for-stm32.9-2020-q2-update.win32_1.5.0.202011040924/tools/bin/../lib/gcc/arm-none-eabi/9.3.1/../../../../arm-none-eabi/lib/thumb/v7e-m+fp/hard\libc_nano.a(lib_a-exit.o)
                              d:/st/stm32cubeide_1.6.1/stm32cubeide/plugins/com.st.stm32cube.ide.mcu.externaltools.gnu-tools-for-stm32.9-2020-q2-update.win32_1.5.0.202011040924/tools/bin/../lib/gcc/arm-none-eabi/9.3.1/../../../../arm-none-eabi/lib/thumb/v7e-m+fp/hard/crt0.o (exit)
d:/st/stm32cubeide_1.6.1/stm32cubeide/plugins/com.st.stm32cube.ide.mcu.externaltools.gnu-tools-for-stm32.9-2020-q2-update.win32_1.5.0.202011040924/tools/bin/../lib/gcc/arm-none-eabi/9.3.1/../../../../arm-none-eabi/lib/thumb/v7e-m+fp/hard\libc_nano.a(lib_a-impure.o)
                              d:/st/stm32cubeide_1.6.1/stm32cubeide/plugins/com.st.stm32cube.ide.mcu.externaltools.gnu-tools-for-stm32.9-2020-q2-update.win32_1.5.0.202011040924/tools/bin/../lib/gcc/arm-none-eabi/9.3.1/../../../../arm-none-eabi/lib/thumb/v7e-m+fp/hard\libc_nano.a(lib_a-exit.o) (_global_impure_ptr)
d:/st/stm32cubeide_1.6.1/stm32cubeide/plugins/com.st.stm32cube.ide.mcu.externaltools.gnu-tools-for-stm32.9-2020-q2-update.win32_1.5.0.202011040924/tools/bin/../lib/gcc/arm-none-eabi/9.3.1/../../../../arm-none-eabi/lib/thumb/v7e-m+fp/hard\libc_nano.a(lib_a-init.o)
                              d:/st/stm32cubeide_1.6.1/stm32cubeide/plugins/com.st.stm32cube.ide.mcu.externaltools.gnu-tools-for-stm32.9-2020-q2-update.win32_1.5.0.202011040924/tools/bin/../lib/gcc/arm-none-eabi/9.3.1/../../../../arm-none-eabi/lib/thumb/v7e-m+fp/hard/crt0.o (__libc_init_array)
d:/st/stm32cubeide_1.6.1/stm32cubeide/plugins/com.st.stm32cube.ide.mcu.externaltools.gnu-tools-for-stm32.9-2020-q2-update.win32_1.5.0.202011040924/tools/bin/../lib/gcc/arm-none-eabi/9.3.1/../../../../arm-none-eabi/lib/thumb/v7e-m+fp/hard\libc_nano.a(lib_a-malloc.o)
                              Core/Src/SSD1306.o (malloc)
d:/st/stm32cubeide_1.6.1/stm32cubeide/plugins/com.st.stm32cube.ide.mcu.externaltools.gnu-tools-for-stm32.9-2020-q2-update.win32_1.5.0.202011040924/tools/bin/../lib/gcc/arm-none-eabi/9.3.1/../../../../arm-none-eabi/lib/thumb/v7e-m+fp/hard\libc_nano.a(lib_a-memset.o)
                              d:/st/stm32cubeide_1.6.1/stm32cubeide/plugins/com.st.stm32cube.ide.mcu.externaltools.gnu-tools-for-stm32.9-2020-q2-update.win32_1.5.0.202011040924/tools/bin/../lib/gcc/arm-none-eabi/9.3.1/../../../../arm-none-eabi/lib/thumb/v7e-m+fp/hard/crt0.o (memset)
d:/st/stm32cubeide_1.6.1/stm32cubeide/plugins/com.st.stm32cube.ide.mcu.externaltools.gnu-tools-for-stm32.9-2020-q2-update.win32_1.5.0.202011040924/tools/bin/../lib/gcc/arm-none-eabi/9.3.1/../../../../arm-none-eabi/lib/thumb/v7e-m+fp/hard\libc_nano.a(lib_a-nano-freer.o)
                              d:/st/stm32cubeide_1.6.1/stm32cubeide/plugins/com.st.stm32cube.ide.mcu.externaltools.gnu-tools-for-stm32.9-2020-q2-update.win32_1.5.0.202011040924/tools/bin/../lib/gcc/arm-none-eabi/9.3.1/../../../../arm-none-eabi/lib/thumb/v7e-m+fp/hard\libc_nano.a(lib_a-malloc.o) (_free_r)
d:/st/stm32cubeide_1.6.1/stm32cubeide/plugins/com.st.stm32cube.ide.mcu.externaltools.gnu-tools-for-stm32.9-2020-q2-update.win32_1.5.0.202011040924/tools/bin/../lib/gcc/arm-none-eabi/9.3.1/../../../../arm-none-eabi/lib/thumb/v7e-m+fp/hard\libc_nano.a(lib_a-nano-mallocr.o)
                              d:/st/stm32cubeide_1.6.1/stm32cubeide/plugins/com.st.stm32cube.ide.mcu.externaltools.gnu-tools-for-stm32.9-2020-q2-update.win32_1.5.0.202011040924/tools/bin/../lib/gcc/arm-none-eabi/9.3.1/../../../../arm-none-eabi/lib/thumb/v7e-m+fp/hard\libc_nano.a(lib_a-malloc.o) (_malloc_r)
d:/st/stm32cubeide_1.6.1/stm32cubeide/plugins/com.st.stm32cube.ide.mcu.externaltools.gnu-tools-for-stm32.9-2020-q2-update.win32_1.5.0.202011040924/tools/bin/../lib/gcc/arm-none-eabi/9.3.1/../../../../arm-none-eabi/lib/thumb/v7e-m+fp/hard\libc_nano.a(lib_a-sbrkr.o)
                              d:/st/stm32cubeide_1.6.1/stm32cubeide/plugins/com.st.stm32cube.ide.mcu.externaltools.gnu-tools-for-stm32.9-2020-q2-update.win32_1.5.0.202011040924/tools/bin/../lib/gcc/arm-none-eabi/9.3.1/../../../../arm-none-eabi/lib/thumb/v7e-m+fp/hard\libc_nano.a(lib_a-nano-mallocr.o) (_sbrk_r)
d:/st/stm32cubeide_1.6.1/stm32cubeide/plugins/com.st.stm32cube.ide.mcu.externaltools.gnu-tools-for-stm32.9-2020-q2-update.win32_1.5.0.202011040924/tools/bin/../lib/gcc/arm-none-eabi/9.3.1/../../../../arm-none-eabi/lib/thumb/v7e-m+fp/hard\libc_nano.a(lib_a-mlock.o)
[...]
Memory Configuration

Name             Origin             Length             Attributes
CCMRAM           0x0000000010000000 0x0000000000001000 xrw
RAM              0x0000000020000000 0x0000000000003000 xrw
FLASH            0x0000000008000000 0x0000000000008000 xr
*default*        0x0000000000000000 0xffffffffffffffff

Linker script and memory map

LOAD d:/st/stm32cubeide_1.6.1/stm32cubeide/plugins/com.st.stm32cube.ide.mcu.externaltools.gnu-tools-for-stm32.9-2020-q2-update.win32_1.5.0.202011040924/tools/bin/../lib/gcc/arm-none-eabi/9.3.1/thumb/v7e-m+fp/hard/crti.o
LOAD d:/st/stm32cubeide_1.6.1/stm32cubeide/plugins/com.st.stm32cube.ide.mcu.externaltools.gnu-tools-for-stm32.9-2020-q2-update.win32_1.5.0.202011040924/tools/bin/../lib/gcc/arm-none-eabi/9.3.1/thumb/v7e-m+fp/hard/crtbegin.o
LOAD d:/st/stm32cubeide_1.6.1/stm32cubeide/plugins/com.st.stm32cube.ide.mcu.externaltools.gnu-tools-for-stm32.9-2020-q2-update.win32_1.5.0.202011040924/tools/bin/../lib/gcc/arm-none-eabi/9.3.1/../../../../arm-none-eabi/lib/thumb/v7e-m+fp/hard/crt0.o
LOAD Core/Src/GFX.o
LOAD Core/Src/SSD1306.o
LOAD Core/Src/VNH.o
LOAD Core/Src/VNH5019_DRV.o
LOAD Core/Src/adc.o
LOAD Core/Src/can.o
LOAD Core/Src/dma.o
LOAD Core/Src/gpio.o
LOAD Core/Src/gui.o
LOAD Core/Src/i2c.o
LOAD Core/Src/main.o
LOAD Core/Src/stm32f3xx_hal_msp.o
LOAD Core/Src/stm32f3xx_it.o
LOAD Core/Src/syscalls.o
LOAD Core/Src/sysmem.o
LOAD Core/Src/system_stm32f3xx.o
LOAD Core/Src/tim.o
LOAD Core/Src/usart.o
LOAD Core/Startup/startup_stm32f303k6tx.o
LOAD Drivers/STM32F3xx_HAL_Driver/Src/stm32f3xx_hal.o
LOAD Drivers/STM32F3xx_HAL_Driver/Src/stm32f3xx_hal_adc.o
LOAD Drivers/STM32F3xx_HAL_Driver/Src/stm32f3xx_hal_adc_ex.o
LOAD Drivers/STM32F3xx_HAL_Driver/Src/stm32f3xx_hal_can.o
LOAD Drivers/STM32F3xx_HAL_Driver/Src/stm32f3xx_hal_cortex.o
LOAD Drivers/STM32F3xx_HAL_Driver/Src/stm32f3xx_hal_dma.o
LOAD Drivers/STM32F3xx_HAL_Driver/Src/stm32f3xx_hal_exti.o
LOAD Drivers/STM32F3xx_HAL_Driver/Src/stm32f3xx_hal_flash.o
LOAD Drivers/STM32F3xx_HAL_Driver/Src/stm32f3xx_hal_flash_ex.o
LOAD Drivers/STM32F3xx_HAL_Driver/Src/stm32f3xx_hal_gpio.o
LOAD Drivers/STM32F3xx_HAL_Driver/Src/stm32f3xx_hal_i2c.o
LOAD Drivers/STM32F3xx_HAL_Driver/Src/stm32f3xx_hal_i2c_ex.o
LOAD Drivers/STM32F3xx_HAL_Driver/Src/stm32f3xx_hal_pwr.o
LOAD Drivers/STM32F3xx_HAL_Driver/Src/stm32f3xx_hal_pwr_ex.o
LOAD Drivers/STM32F3xx_HAL_Driver/Src/stm32f3xx_hal_rcc.o
LOAD Drivers/STM32F3xx_HAL_Driver/Src/stm32f3xx_hal_rcc_ex.o
LOAD Drivers/STM32F3xx_HAL_Driver/Src/stm32f3xx_hal_tim.o
LOAD Drivers/STM32F3xx_HAL_Driver/Src/stm32f3xx_hal_tim_ex.o
LOAD Drivers/STM32F3xx_HAL_Driver/Src/stm32f3xx_hal_uart.o
LOAD Drivers/STM32F3xx_HAL_Driver/Src/stm32f3xx_hal_uart_ex.o
START GROUP
LOAD d:/st/stm32cubeide_1.6.1/stm32cubeide/plugins/com.st.stm32cube.ide.mcu.externaltools.gnu-tools-for-stm32.9-2020-q2-update.win32_1.5.0.202011040924/tools/bin/../lib/gcc/arm-none-eabi/9.3.1/../../../../arm-none-eabi/lib/thumb/v7e-m+fp/hard\libstdc++_nano.a
LOAD d:/st/stm32cubeide_1.6.1/stm32cubeide/plugins/com.st.stm32cube.ide.mcu.externaltools.gnu-tools-for-stm32.9-2020-q2-update.win32_1.5.0.202011040924/tools/bin/../lib/gcc/arm-none-eabi/9.3.1/../../../../arm-none-eabi/lib/thumb/v7e-m+fp/hard\libsupc++_nano.a
END GROUP
LOAD d:/st/stm32cubeide_1.6.1/stm32cubeide/plugins/com.st.stm32cube.ide.mcu.externaltools.gnu-tools-for-stm32.9-2020-q2-update.win32_1.5.0.202011040924/tools/bin/../lib/gcc/arm-none-eabi/9.3.1/../../../../arm-none-eabi/lib/thumb/v7e-m+fp/hard\libstdc++_nano.a
LOAD d:/st/stm32cubeide_1.6.1/stm32cubeide/plugins/com.st.stm32cube.ide.mcu.externaltools.gnu-tools-for-stm32.9-2020-q2-update.win32_1.5.0.202011040924/tools/bin/../lib/gcc/arm-none-eabi/9.3.1/../../../../arm-none-eabi/lib/thumb/v7e-m+fp/hard\libm.a
LOAD d:/st/stm32cubeide_1.6.1/stm32cubeide/plugins/com.st.stm32cube.ide.mcu.externaltools.gnu-tools-for-stm32.9-2020-q2-update.win32_1.5.0.202011040924/tools/bin/../lib/gcc/arm-none-eabi/9.3.1/../../../../arm-none-eabi/lib/thumb/v7e-m+fp/hard\libc_nano.a
START GROUP
LOAD d:/st/stm32cubeide_1.6.1/stm32cubeide/plugins/com.st.stm32cube.ide.mcu.externaltools.gnu-tools-for-stm32.9-2020-q2-update.win32_1.5.0.202011040924/tools/bin/../lib/gcc/arm-none-eabi/9.3.1/thumb/v7e-m+fp/hard\libgcc.a
LOAD d:/st/stm32cubeide_1.6.1/stm32cubeide/plugins/com.st.stm32cube.ide.mcu.externaltools.gnu-tools-for-stm32.9-2020-q2-update.win32_1.5.0.202011040924/tools/bin/../lib/gcc/arm-none-eabi/9.3.1/../../../../arm-none-eabi/lib/thumb/v7e-m+fp/hard\libc_nano.a
END GROUP
START GROUP
LOAD d:/st/stm32cubeide_1.6.1/stm32cubeide/plugins/com.st.stm32cube.ide.mcu.externaltools.gnu-tools-for-stm32.9-2020-q2-update.win32_1.5.0.202011040924/tools/bin/../lib/gcc/arm-none-eabi/9.3.1/thumb/v7e-m+fp/hard\libgcc.a
LOAD d:/st/stm32cubeide_1.6.1/stm32cubeide/plugins/com.st.stm32cube.ide.mcu.externaltools.gnu-tools-for-stm32.9-2020-q2-update.win32_1.5.0.202011040924/tools/bin/../lib/gcc/arm-none-eabi/9.3.1/../../../../arm-none-eabi/lib/thumb/v7e-m+fp/hard\libc_nano.a
LOAD d:/st/stm32cubeide_1.6.1/stm32cubeide/plugins/com.st.stm32cube.ide.mcu.externaltools.gnu-tools-for-stm32.9-2020-q2-update.win32_1.5.0.202011040924/tools/bin/../lib/gcc/arm-none-eabi/9.3.1/../../../../arm-none-eabi/lib/thumb/v7e-m+fp/hard\libnosys.a
END GROUP
START GROUP
LOAD d:/st/stm32cubeide_1.6.1/stm32cubeide/plugins/com.st.stm32cube.ide.mcu.externaltools.gnu-tools-for-stm32.9-2020-q2-update.win32_1.5.0.202011040924/tools/bin/../lib/gcc/arm-none-eabi/9.3.1/thumb/v7e-m+fp/hard\libgcc.a
LOAD d:/st/stm32cubeide_1.6.1/stm32cubeide/plugins/com.st.stm32cube.ide.mcu.externaltools.gnu-tools-for-stm32.9-2020-q2-update.win32_1.5.0.202011040924/tools/bin/../lib/gcc/arm-none-eabi/9.3.1/../../../../arm-none-eabi/lib/thumb/v7e-m+fp/hard\libc_nano.a
LOAD d:/st/stm32cubeide_1.6.1/stm32cubeide/plugins/com.st.stm32cube.ide.mcu.externaltools.gnu-tools-for-stm32.9-2020-q2-update.win32_1.5.0.202011040924/tools/bin/../lib/gcc/arm-none-eabi/9.3.1/../../../../arm-none-eabi/lib/thumb/v7e-m+fp/hard\libnosys.a
END GROUP
LOAD d:/st/stm32cubeide_1.6.1/stm32cubeide/plugins/com.st.stm32cube.ide.mcu.externaltools.gnu-tools-for-stm32.9-2020-q2-update.win32_1.5.0.202011040924/tools/bin/../lib/gcc/arm-none-eabi/9.3.1/thumb/v7e-m+fp/hard/crtend.o
LOAD d:/st/stm32cubeide_1.6.1/stm32cubeide/plugins/com.st.stm32cube.ide.mcu.externaltools.gnu-tools-for-stm32.9-2020-q2-update.win32_1.5.0.202011040924/tools/bin/../lib/gcc/arm-none-eabi/9.3.1/thumb/v7e-m+fp/hard/crtn.o
                0x0000000020003000                _estack = (ORIGIN (RAM) + LENGTH (RAM))
                0x0000000000000200                _Min_Heap_Size = 0x200
                0x0000000000000400                _Min_Stack_Size = 0x400

.isr_vector     0x0000000008000000      0x188
                0x0000000008000000                . = ALIGN (0x4)
 *(.isr_vector)
 .isr_vector    0x0000000008000000      0x188 Core/Startup/startup_stm32f303k6tx.o
                0x0000000008000000                g_pfnVectors
                0x0000000008000188                . = ALIGN (0x4)

.text           0x0000000008000188     0x6990
                0x0000000008000188                . = ALIGN (0x4)
 *(.text)
 .text          0x0000000008000188       0x40 d:/st/stm32cubeide_1.6.1/stm32cubeide/plugins/com.st.stm32cube.ide.mcu.externaltools.gnu-tools-for-stm32.9-2020-q2-update.win32_1.5.0.202011040924/tools/bin/../lib/gcc/arm-none-eabi/9.3.1/thumb/v7e-m+fp/hard/crtbegin.o
 *(.text*)
 .text.Motors_Init
                0x00000000080001c8      0x174 Core/Src/VNH.o
                0x00000000080001c8                Motors_Init
 .text.VNH_Init
                0x000000000800033c       0x42 Core/Src/VNH5019_DRV.o
                0x000000000800033c                VNH_Init
 .text.VNH_Disable
                0x000000000800037e       0x20 Core/Src/VNH5019_DRV.o
                0x000000000800037e                VNH_Disable
 .text.VNH_Enable
                0x000000000800039e       0x20 Core/Src/VNH5019_DRV.o
                0x000000000800039e                VNH_Enable
 .text.VNH_SetDirLH
                0x00000000080003be       0x38 Core/Src/VNH5019_DRV.o
                0x00000000080003be                VNH_SetDirLH
 .text.VNH_SetDirLL
                0x00000000080003f6       0x38 Core/Src/VNH5019_DRV.o
                0x00000000080003f6                VNH_SetDirLL
 *fill*         0x000000000800042e        0x2 
 .text.VNH_SetPWM
                0x0000000008000430      0x10c Core/Src/VNH5019_DRV.o
                0x0000000008000430                VNH_SetPWM
 .text.VNH_DisableCurSens
                0x000000000800053c       0x20 Core/Src/VNH5019_DRV.o
                0x000000000800053c                VNH_DisableCurSens
 .text.MX_ADC1_Init
                0x000000000800055c       0xfc Core/Src/adc.o
                0x000000000800055c                MX_ADC1_Init
 .text.HAL_ADC_MspInit
                0x0000000008000658       0xe0 Core/Src/adc.o
                0x0000000008000658                HAL_ADC_MspInit
 .text.MX_CAN_Init
                0x0000000008000738       0x68 Core/Src/can.o
                0x0000000008000738                MX_CAN_Init
 .text.HAL_CAN_MspInit
                0x00000000080007a0       0x88 Core/Src/can.o
                0x00000000080007a0                HAL_CAN_MspInit
 .text.MX_DMA_Init
                0x0000000008000828       0x5c Core/Src/dma.o
                0x0000000008000828                MX_DMA_Init
 .text.MX_GPIO_Init
                0x0000000008000884      0x120 Core/Src/gpio.o
                0x0000000008000884                MX_GPIO_Init
 .text.MX_I2C1_Init
                0x00000000080009a4       0x7c Core/Src/i2c.o
                0x00000000080009a4                MX_I2C1_Init
 .text.HAL_I2C_MspInit
                0x0000000008000a20      0x10c Core/Src/i2c.o
                0x0000000008000a20                HAL_I2C_MspInit
 .text.main     0x0000000008000b2c       0x5c Core/Src/main.o
                0x0000000008000b2c                main
 .text.SystemClock_Config
                0x0000000008000b88       0xb4 Core/Src/main.o
                0x0000000008000b88                SystemClock_Config
 .text.Error_Handler
                0x0000000008000c3c        0xa Core/Src/main.o
                0x0000000008000c3c                Error_Handler
 *fill*         0x0000000008000c46        0x2 
 .text.HAL_MspInit
                0x0000000008000c48       0x48 Core/Src/stm32f3xx_hal_msp.o
                0x0000000008000c48                HAL_MspInit
 .text.NMI_Handler
                0x0000000008000c90        0x6 Core/Src/stm32f3xx_it.o
                0x0000000008000c90                NMI_Handler
 .text.HardFault_Handler
                0x0000000008000c96        0x6 Core/Src/stm32f3xx_it.o
                0x0000000008000c96                HardFault_Handler
 .text.MemManage_Handler
                0x0000000008000c9c        0x6 Core/Src/stm32f3xx_it.o
                0x0000000008000c9c                MemManage_Handler
 .text.BusFault_Handler
                0x0000000008000ca2        0x6 Core/Src/stm32f3xx_it.o
                0x0000000008000ca2                BusFault_Handler
 .text.UsageFault_Handler
                0x0000000008000ca8        0x6 Core/Src/stm32f3xx_it.o
                0x0000000008000ca8                UsageFault_Handler
 .text.SVC_Handler
                0x0000000008000cae        0xe Core/Src/stm32f3xx_it.o
                0x0000000008000cae                SVC_Handler
 .text.DebugMon_Handler
                0x0000000008000cbc        0xe Core/Src/stm32f3xx_it.o
                0x0000000008000cbc                DebugMon_Handler
 .text.PendSV_Handler
                0x0000000008000cca        0xe Core/Src/stm32f3xx_it.o
                0x0000000008000cca                PendSV_Handler
 .text.SysTick_Handler
                0x0000000008000cd8        0xc Core/Src/stm32f3xx_it.o
                0x0000000008000cd8                SysTick_Handler
 .text.DMA1_Channel1_IRQHandler
                0x0000000008000ce4       0x14 Core/Src/stm32f3xx_it.o
                0x0000000008000ce4                DMA1_Channel1_IRQHandler
 .text.DMA1_Channel4_IRQHandler
                0x0000000008000cf8       0x14 Core/Src/stm32f3xx_it.o
                0x0000000008000cf8                DMA1_Channel4_IRQHandler
 .text.DMA1_Channel7_IRQHandler
                0x0000000008000d0c       0x14 Core/Src/stm32f3xx_it.o
                0x0000000008000d0c                DMA1_Channel7_IRQHandler
 .text.ADC1_2_IRQHandler
                0x0000000008000d20       0x14 Core/Src/stm32f3xx_it.o
                0x0000000008000d20                ADC1_2_IRQHandler
 .text.I2C1_EV_IRQHandler
                0x0000000008000d34       0x14 Core/Src/stm32f3xx_it.o
                0x0000000008000d34                I2C1_EV_IRQHandler
 .text.I2C1_ER_IRQHandler
                0x0000000008000d48       0x14 Core/Src/stm32f3xx_it.o
                0x0000000008000d48                I2C1_ER_IRQHandler
 .text.SystemInit
                0x0000000008000d5c       0x24 Core/Src/system_stm32f3xx.o
                0x0000000008000d5c                SystemInit
 .text.MX_TIM2_Init
                0x0000000008000d80       0xec Core/Src/tim.o
                0x0000000008000d80                MX_TIM2_Init
 .text.MX_TIM3_Init
                0x0000000008000e6c       0xac Core/Src/tim.o
                0x0000000008000e6c                MX_TIM3_Init
 .text.MX_TIM17_Init
                0x0000000008000f18       0xf4 Core/Src/tim.o
                0x0000000008000f18                MX_TIM17_Init
 .text.HAL_TIM_Base_MspInit
                0x000000000800100c       0xd4 Core/Src/tim.o
                0x000000000800100c                HAL_TIM_Base_MspInit
 .text.HAL_TIM_Encoder_MspInit
                0x00000000080010e0       0x84 Core/Src/tim.o
                0x00000000080010e0                HAL_TIM_Encoder_MspInit
 .text.HAL_TIM_MspPostInit
                0x0000000008001164       0xb4 Core/Src/tim.o
                0x0000000008001164                HAL_TIM_MspPostInit
 .text.MX_USART2_UART_Init
                0x0000000008001218       0x60 Core/Src/usart.o
                0x0000000008001218                MX_USART2_UART_Init
 .text.HAL_UART_MspInit
                0x0000000008001278       0x88 Core/Src/usart.o
                0x0000000008001278                HAL_UART_MspInit
 .text.Reset_Handler
                0x0000000008001300       0x50 Core/Startup/startup_stm32f303k6tx.o
                0x0000000008001300                Reset_Handler
 .text.Default_Handler
                0x0000000008001350        0x2 Core/Startup/startup_stm32f303k6tx.o
                0x0000000008001350                RTC_Alarm_IRQHandler
                0x0000000008001350                TIM1_CC_IRQHandler
                0x0000000008001350                PVD_IRQHandler
                0x0000000008001350                TAMP_STAMP_IRQHandler
                0x0000000008001350                EXTI3_IRQHandler
                0x0000000008001350                EXTI0_IRQHandler
                0x0000000008001350                FPU_IRQHandler
                0x0000000008001350                CAN_TX_IRQHandler
                0x0000000008001350                TIM1_UP_TIM16_IRQHandler
                0x0000000008001350                SPI1_IRQHandler
                0x0000000008001350                CAN_SCE_IRQHandler
                0x0000000008001350                USART3_IRQHandler
                0x0000000008001350                TIM7_DAC2_IRQHandler
                0x0000000008001350                CAN_RX1_IRQHandler
                0x0000000008001350                DMA1_Channel6_IRQHandler
                0x0000000008001350                TIM3_IRQHandler
                0x0000000008001350                RCC_IRQHandler
                0x0000000008001350                Default_Handler
                0x0000000008001350                EXTI15_10_IRQHandler
                0x0000000008001350                COMP2_IRQHandler
                0x0000000008001350                TIM6_DAC1_IRQHandler
                0x0000000008001350                EXTI9_5_IRQHandler
                0x0000000008001350                RTC_WKUP_IRQHandler
                0x0000000008001350                DMA1_Channel5_IRQHandler
                0x0000000008001350                EXTI4_IRQHandler
                0x0000000008001350                TIM1_TRG_COM_TIM17_IRQHandler
                0x0000000008001350                DMA1_Channel3_IRQHandler
                0x0000000008001350                WWDG_IRQHandler
                0x0000000008001350                TIM2_IRQHandler
                0x0000000008001350                EXTI1_IRQHandler
                0x0000000008001350                COMP4_6_IRQHandler
                0x0000000008001350                USART2_IRQHandler
                0x0000000008001350                DMA1_Channel2_IRQHandler
                0x0000000008001350                FLASH_IRQHandler
                0x0000000008001350                USART1_IRQHandler
                0x0000000008001350                CAN_RX0_IRQHandler
                0x0000000008001350                EXTI2_TSC_IRQHandler
                0x0000000008001350                TIM1_BRK_TIM15_IRQHandler
 *fill*         0x0000000008001352        0x2 
 .text.HAL_Init
                0x0000000008001354       0x2c Drivers/STM32F3xx_HAL_Driver/Src/stm32f3xx_hal.o
                0x0000000008001354                HAL_Init
 .text.HAL_InitTick
                0x0000000008001380       0x60 Drivers/STM32F3xx_HAL_Driver/Src/stm32f3xx_hal.o
                0x0000000008001380                HAL_InitTick
 .text.HAL_IncTick
                0x00000000080013e0       0x28 Drivers/STM32F3xx_HAL_Driver/Src/stm32f3xx_hal.o
                0x00000000080013e0                HAL_IncTick
 .text.HAL_GetTick
                0x0000000008001408       0x18 Drivers/STM32F3xx_HAL_Driver/Src/stm32f3xx_hal.o
                0x0000000008001408                HAL_GetTick
 .text.HAL_Delay
                0x0000000008001420       0x48 Drivers/STM32F3xx_HAL_Driver/Src/stm32f3xx_hal.o
                0x0000000008001420                HAL_Delay
 .text.HAL_ADC_ConvCpltCallback
                0x0000000008001468       0x14 Drivers/STM32F3xx_HAL_Driver/Src/stm32f3xx_hal_adc.o
                0x0000000008001468                HAL_ADC_ConvCpltCallback
 .text.HAL_ADC_LevelOutOfWindowCallback
                0x000000000800147c       0x14 Drivers/STM32F3xx_HAL_Driver/Src/stm32f3xx_hal_adc.o
                0x000000000800147c                HAL_ADC_LevelOutOfWindowCallback
 .text.HAL_ADC_ErrorCallback
                0x0000000008001490       0x14 Drivers/STM32F3xx_HAL_Driver/Src/stm32f3xx_hal_adc.o
                0x0000000008001490                HAL_ADC_ErrorCallback
 .text.HAL_ADC_GetState
                0x00000000080014a4       0x18 Drivers/STM32F3xx_HAL_Driver/Src/stm32f3xx_hal_adc.o
                0x00000000080014a4                HAL_ADC_GetState
 .text.HAL_ADC_Init
                0x00000000080014bc      0x324 Drivers/STM32F3xx_HAL_Driver/Src/stm32f3xx_hal_adc_ex.o
                0x00000000080014bc                HAL_ADC_Init
 .text.HAL_ADC_IRQHandler
                0x00000000080017e0      0x440 Drivers/STM32F3xx_HAL_Driver/Src/stm32f3xx_hal_adc_ex.o
                0x00000000080017e0                HAL_ADC_IRQHandler
 .text.HAL_ADCEx_Calibration_Start
                0x0000000008001c20       0xe4 Drivers/STM32F3xx_HAL_Driver/Src/stm32f3xx_hal_adc_ex.o
                0x0000000008001c20                HAL_ADCEx_Calibration_Start
 .text.HAL_ADCEx_InjectedConvCpltCallback
                0x0000000008001d04       0x14 Drivers/STM32F3xx_HAL_Driver/Src/stm32f3xx_hal_adc_ex.o
                0x0000000008001d04                HAL_ADCEx_InjectedConvCpltCallback
 .text.HAL_ADCEx_InjectedQueueOverflowCallback
                0x0000000008001d18       0x14 Drivers/STM32F3xx_HAL_Driver/Src/stm32f3xx_hal_adc_ex.o
                0x0000000008001d18                HAL_ADCEx_InjectedQueueOverflowCallback
 .text.HAL_ADCEx_LevelOutOfWindow2Callback
                0x0000000008001d2c       0x14 Drivers/STM32F3xx_HAL_Driver/Src/stm32f3xx_hal_adc_ex.o
                0x0000000008001d2c                HAL_ADCEx_LevelOutOfWindow2Callback
 .text.HAL_ADCEx_LevelOutOfWindow3Callback
                0x0000000008001d40       0x14 Drivers/STM32F3xx_HAL_Driver/Src/stm32f3xx_hal_adc_ex.o
                0x0000000008001d40                HAL_ADCEx_LevelOutOfWindow3Callback
 .text.HAL_ADC_ConfigChannel
                0x0000000008001d54      0x584 Drivers/STM32F3xx_HAL_Driver/Src/stm32f3xx_hal_adc_ex.o
                0x0000000008001d54                HAL_ADC_ConfigChannel
 .text.HAL_ADCEx_MultiModeConfigChannel
                0x00000000080022d8      0x18c Drivers/STM32F3xx_HAL_Driver/Src/stm32f3xx_hal_adc_ex.o
                0x00000000080022d8                HAL_ADCEx_MultiModeConfigChannel
 .text.ADC_Disable
                0x0000000008002464       0xcc Drivers/STM32F3xx_HAL_Driver/Src/stm32f3xx_hal_adc_ex.o
 .text.HAL_CAN_Init
                0x0000000008002530      0x1f6 Drivers/STM32F3xx_HAL_Driver/Src/stm32f3xx_hal_can.o
                0x0000000008002530                HAL_CAN_Init
 *fill*         0x0000000008002726        0x2 
 .text.__NVIC_SetPriorityGrouping
                0x0000000008002728       0x48 Drivers/STM32F3xx_HAL_Driver/Src/stm32f3xx_hal_cortex.o
 .text.__NVIC_GetPriorityGrouping
                0x0000000008002770       0x1c Drivers/STM32F3xx_HAL_Driver/Src/stm32f3xx_hal_cortex.o
 .text.__NVIC_EnableIRQ
                0x000000000800278c       0x3c Drivers/STM32F3xx_HAL_Driver/Src/stm32f3xx_hal_cortex.o
 .text.__NVIC_SetPriority
                0x00000000080027c8       0x54 Drivers/STM32F3xx_HAL_Driver/Src/stm32f3xx_hal_cortex.o
 .text.NVIC_EncodePriority
                0x000000000800281c       0x66 Drivers/STM32F3xx_HAL_Driver/Src/stm32f3xx_hal_cortex.o
 *fill*         0x0000000008002882        0x2 
 .text.SysTick_Config
                0x0000000008002884       0x44 Drivers/STM32F3xx_HAL_Driver/Src/stm32f3xx_hal_cortex.o
 .text.HAL_NVIC_SetPriorityGrouping
                0x00000000080028c8       0x16 Drivers/STM32F3xx_HAL_Driver/Src/stm32f3xx_hal_cortex.o
                0x00000000080028c8                HAL_NVIC_SetPriorityGrouping
 .text.HAL_NVIC_SetPriority
                0x00000000080028de       0x38 Drivers/STM32F3xx_HAL_Driver/Src/stm32f3xx_hal_cortex.o
                0x00000000080028de                HAL_NVIC_SetPriority
 .text.HAL_NVIC_EnableIRQ
                0x0000000008002916       0x1c Drivers/STM32F3xx_HAL_Driver/Src/stm32f3xx_hal_cortex.o
                0x0000000008002916                HAL_NVIC_EnableIRQ
 .text.HAL_SYSTICK_Config
                0x0000000008002932       0x18 Drivers/STM32F3xx_HAL_Driver/Src/stm32f3xx_hal_cortex.o
                0x0000000008002932                HAL_SYSTICK_Config
 .text.HAL_DMA_Init
                0x000000000800294a       0x8e Drivers/STM32F3xx_HAL_Driver/Src/stm32f3xx_hal_dma.o
                0x000000000800294a                HAL_DMA_Init
 .text.HAL_DMA_Abort_IT
                0x00000000080029d8       0x7c Drivers/STM32F3xx_HAL_Driver/Src/stm32f3xx_hal_dma.o
                0x00000000080029d8                HAL_DMA_Abort_IT
 .text.HAL_DMA_IRQHandler
                0x0000000008002a54      0x146 Drivers/STM32F3xx_HAL_Driver/Src/stm32f3xx_hal_dma.o
                0x0000000008002a54                HAL_DMA_IRQHandler
 .text.HAL_DMA_GetState
                0x0000000008002b9a       0x1a Drivers/STM32F3xx_HAL_Driver/Src/stm32f3xx_hal_dma.o
                0x0000000008002b9a                HAL_DMA_GetState
 .text.DMA_CalcBaseAndBitshift
                0x0000000008002bb4       0x40 Drivers/STM32F3xx_HAL_Driver/Src/stm32f3xx_hal_dma.o
 .text.HAL_GPIO_Init
                0x0000000008002bf4      0x2e4 Drivers/STM32F3xx_HAL_Driver/Src/stm32f3xx_hal_gpio.o
                0x0000000008002bf4                HAL_GPIO_Init
 .text.HAL_GPIO_WritePin
                0x0000000008002ed8       0x30 Drivers/STM32F3xx_HAL_Driver/Src/stm32f3xx_hal_gpio.o
                0x0000000008002ed8                HAL_GPIO_WritePin
 .text.HAL_I2C_Init
                0x0000000008002f08      0x11e Drivers/STM32F3xx_HAL_Driver/Src/stm32f3xx_hal_i2c.o
                0x0000000008002f08                HAL_I2C_Init
 .text.HAL_I2C_EV_IRQHandler
                0x0000000008003026       0x34 Drivers/STM32F3xx_HAL_Driver/Src/stm32f3xx_hal_i2c.o
                0x0000000008003026                HAL_I2C_EV_IRQHandler
 .text.HAL_I2C_ER_IRQHandler
                0x000000000800305a       0xc2 Drivers/STM32F3xx_HAL_Driver/Src/stm32f3xx_hal_i2c.o
                0x000000000800305a                HAL_I2C_ER_IRQHandler
 .text.HAL_I2C_SlaveTxCpltCallback
                0x000000000800311c       0x14 Drivers/STM32F3xx_HAL_Driver/Src/stm32f3xx_hal_i2c.o
                0x000000000800311c                HAL_I2C_SlaveTxCpltCallback
 .text.HAL_I2C_SlaveRxCpltCallback
                0x0000000008003130       0x14 Drivers/STM32F3xx_HAL_Driver/Src/stm32f3xx_hal_i2c.o
                0x0000000008003130                HAL_I2C_SlaveRxCpltCallback
 .text.HAL_I2C_AddrCallback
                0x0000000008003144       0x1c Drivers/STM32F3xx_HAL_Driver/Src/stm32f3xx_hal_i2c.o
                0x0000000008003144                HAL_I2C_AddrCallback
 .text.HAL_I2C_ListenCpltCallback
                0x0000000008003160       0x14 Drivers/STM32F3xx_HAL_Driver/Src/stm32f3xx_hal_i2c.o
                0x0000000008003160                HAL_I2C_ListenCpltCallback
 .text.HAL_I2C_ErrorCallback
                0x0000000008003174       0x14 Drivers/STM32F3xx_HAL_Driver/Src/stm32f3xx_hal_i2c.o
                0x0000000008003174                HAL_I2C_ErrorCallback
 .text.HAL_I2C_AbortCpltCallback
                0x0000000008003188       0x14 Drivers/STM32F3xx_HAL_Driver/Src/stm32f3xx_hal_i2c.o
                0x0000000008003188                HAL_I2C_AbortCpltCallback
 .text.I2C_Slave_ISR_IT
                0x000000000800319c      0x206 Drivers/STM32F3xx_HAL_Driver/Src/stm32f3xx_hal_i2c.o
 .text.I2C_ITAddrCplt
                0x00000000080033a2      0x108 Drivers/STM32F3xx_HAL_Driver/Src/stm32f3xx_hal_i2c.o
 .text.I2C_ITSlaveSeqCplt
                0x00000000080034aa       0xbc Drivers/STM32F3xx_HAL_Driver/Src/stm32f3xx_hal_i2c.o
 *fill*         0x0000000008003566        0x2 
 .text.I2C_ITSlaveCplt
                0x0000000008003568      0x214 Drivers/STM32F3xx_HAL_Driver/Src/stm32f3xx_hal_i2c.o
 .text.I2C_ITListenCplt
                0x000000000800377c       0xac Drivers/STM32F3xx_HAL_Driver/Src/stm32f3xx_hal_i2c.o
 .text.I2C_ITError
                0x0000000008003828      0x1a0 Drivers/STM32F3xx_HAL_Driver/Src/stm32f3xx_hal_i2c.o
 .text.I2C_TreatErrorCallback
                0x00000000080039c8       0x4e Drivers/STM32F3xx_HAL_Driver/Src/stm32f3xx_hal_i2c.o
 .text.I2C_Flush_TXDR
                0x0000000008003a16       0x48 Drivers/STM32F3xx_HAL_Driver/Src/stm32f3xx_hal_i2c.o
 .text.I2C_DMAAbort
                0x0000000008003a5e       0x3c Drivers/STM32F3xx_HAL_Driver/Src/stm32f3xx_hal_i2c.o
 .text.I2C_Disable_IRQ
                0x0000000008003a9a       0xbc Drivers/STM32F3xx_HAL_Driver/Src/stm32f3xx_hal_i2c.o
 .text.HAL_I2CEx_ConfigAnalogFilter
                0x0000000008003b56       0x96 Drivers/STM32F3xx_HAL_Driver/Src/stm32f3xx_hal_i2c_ex.o
                0x0000000008003b56                HAL_I2CEx_ConfigAnalogFilter
 .text.HAL_I2CEx_ConfigDigitalFilter
                0x0000000008003bec       0x98 Drivers/STM32F3xx_HAL_Driver/Src/stm32f3xx_hal_i2c_ex.o
                0x0000000008003bec                HAL_I2CEx_ConfigDigitalFilter
 .text.HAL_RCC_OscConfig
                0x0000000008003c84      0xe10 Drivers/STM32F3xx_HAL_Driver/Src/stm32f3xx_hal_rcc.o
                0x0000000008003c84                HAL_RCC_OscConfig
 .text.HAL_RCC_ClockConfig
                0x0000000008004a94      0x2f8 Drivers/STM32F3xx_HAL_Driver/Src/stm32f3xx_hal_rcc.o
                0x0000000008004a94                HAL_RCC_ClockConfig
 .text.HAL_RCC_GetSysClockFreq
                0x0000000008004d8c       0xd4 Drivers/STM32F3xx_HAL_Driver/Src/stm32f3xx_hal_rcc.o
                0x0000000008004d8c                HAL_RCC_GetSysClockFreq
 .text.HAL_RCC_GetHCLKFreq
                0x0000000008004e60       0x18 Drivers/STM32F3xx_HAL_Driver/Src/stm32f3xx_hal_rcc.o
                0x0000000008004e60                HAL_RCC_GetHCLKFreq
 .text.HAL_RCC_GetPCLK1Freq
                0x0000000008004e78       0x44 Drivers/STM32F3xx_HAL_Driver/Src/stm32f3xx_hal_rcc.o
                0x0000000008004e78                HAL_RCC_GetPCLK1Freq
 .text.HAL_RCC_GetPCLK2Freq
                0x0000000008004ebc       0x44 Drivers/STM32F3xx_HAL_Driver/Src/stm32f3xx_hal_rcc.o
                0x0000000008004ebc                HAL_RCC_GetPCLK2Freq
 .text.HAL_RCCEx_PeriphCLKConfig
                0x0000000008004f00      0x24c Drivers/STM32F3xx_HAL_Driver/Src/stm32f3xx_hal_rcc_ex.o
                0x0000000008004f00                HAL_RCCEx_PeriphCLKConfig
 .text.HAL_TIM_Base_Init
                0x000000000800514c       0xae Drivers/STM32F3xx_HAL_Driver/Src/stm32f3xx_hal_tim.o
                0x000000000800514c                HAL_TIM_Base_Init
 .text.HAL_TIM_PWM_Init
                0x00000000080051fa       0xae Drivers/STM32F3xx_HAL_Driver/Src/stm32f3xx_hal_tim.o
                0x00000000080051fa                HAL_TIM_PWM_Init
 .text.HAL_TIM_PWM_MspInit
                0x00000000080052a8       0x14 Drivers/STM32F3xx_HAL_Driver/Src/stm32f3xx_hal_tim.o
                0x00000000080052a8                HAL_TIM_PWM_MspInit
 .text.HAL_TIM_PWM_Start
                0x00000000080052bc      0x1d8 Drivers/STM32F3xx_HAL_Driver/Src/stm32f3xx_hal_tim.o
                0x00000000080052bc                HAL_TIM_PWM_Start
 .text.HAL_TIM_Encoder_Init
                0x0000000008005494      0x14c Drivers/STM32F3xx_HAL_Driver/Src/stm32f3xx_hal_tim.o
                0x0000000008005494                HAL_TIM_Encoder_Init
 .text.HAL_TIM_Encoder_Start
                0x00000000080055e0      0x11c Drivers/STM32F3xx_HAL_Driver/Src/stm32f3xx_hal_tim.o
                0x00000000080055e0                HAL_TIM_Encoder_Start
 .text.HAL_TIM_PWM_ConfigChannel
                0x00000000080056fc      0x228 Drivers/STM32F3xx_HAL_Driver/Src/stm32f3xx_hal_tim.o
                0x00000000080056fc                HAL_TIM_PWM_ConfigChannel
 .text.HAL_TIM_ConfigClockSource
                0x0000000008005924      0x192 Drivers/STM32F3xx_HAL_Driver/Src/stm32f3xx_hal_tim.o
                0x0000000008005924                HAL_TIM_ConfigClockSource
 *fill*         0x0000000008005ab6        0x2 
 .text.TIM_Base_SetConfig
                0x0000000008005ab8       0xf0 Drivers/STM32F3xx_HAL_Driver/Src/stm32f3xx_hal_tim.o
                0x0000000008005ab8                TIM_Base_SetConfig
 .text.TIM_OC1_SetConfig
                0x0000000008005ba8      0x10c Drivers/STM32F3xx_HAL_Driver/Src/stm32f3xx_hal_tim.o
 .text.TIM_OC2_SetConfig
                0x0000000008005cb4      0x100 Drivers/STM32F3xx_HAL_Driver/Src/stm32f3xx_hal_tim.o
                0x0000000008005cb4                TIM_OC2_SetConfig
 .text.TIM_OC3_SetConfig
                0x0000000008005db4       0xfc Drivers/STM32F3xx_HAL_Driver/Src/stm32f3xx_hal_tim.o
 .text.TIM_OC4_SetConfig
                0x0000000008005eb0       0xc8 Drivers/STM32F3xx_HAL_Driver/Src/stm32f3xx_hal_tim.o
 .text.TIM_OC5_SetConfig
                0x0000000008005f78       0xbc Drivers/STM32F3xx_HAL_Driver/Src/stm32f3xx_hal_tim.o
 .text.TIM_OC6_SetConfig
                0x0000000008006034       0xc0 Drivers/STM32F3xx_HAL_Driver/Src/stm32f3xx_hal_tim.o
 .text.TIM_TI1_ConfigInputStage
                0x00000000080060f4       0x5e Drivers/STM32F3xx_HAL_Driver/Src/stm32f3xx_hal_tim.o
 .text.TIM_TI2_ConfigInputStage
                0x0000000008006152       0x60 Drivers/STM32F3xx_HAL_Driver/Src/stm32f3xx_hal_tim.o
 .text.TIM_ITRx_SetConfig
                0x00000000080061b2       0x36 Drivers/STM32F3xx_HAL_Driver/Src/stm32f3xx_hal_tim.o
 .text.TIM_ETR_SetConfig
                0x00000000080061e8       0x40 Drivers/STM32F3xx_HAL_Driver/Src/stm32f3xx_hal_tim.o
                0x00000000080061e8                TIM_ETR_SetConfig
 .text.TIM_CCxChannelCmd
                0x0000000008006228       0x4a Drivers/STM32F3xx_HAL_Driver/Src/stm32f3xx_hal_tim.o
                0x0000000008006228                TIM_CCxChannelCmd
 *fill*         0x0000000008006272        0x2 
 .text.HAL_TIMEx_MasterConfigSynchronization
                0x0000000008006274       0xdc Drivers/STM32F3xx_HAL_Driver/Src/stm32f3xx_hal_tim_ex.o
                0x0000000008006274                HAL_TIMEx_MasterConfigSynchronization
 .text.HAL_TIMEx_ConfigBreakDeadTime
                0x0000000008006350       0xf0 Drivers/STM32F3xx_HAL_Driver/Src/stm32f3xx_hal_tim_ex.o
                0x0000000008006350                HAL_TIMEx_ConfigBreakDeadTime
 .text.HAL_UART_Init
                0x0000000008006440       0x9c Drivers/STM32F3xx_HAL_Driver/Src/stm32f3xx_hal_uart.o
                0x0000000008006440                HAL_UART_Init
 .text.UART_SetConfig
                0x00000000080064dc      0x26c Drivers/STM32F3xx_HAL_Driver/Src/stm32f3xx_hal_uart.o
                0x00000000080064dc                UART_SetConfig
 .text.UART_AdvFeatureConfig
                0x0000000008006748      0x144 Drivers/STM32F3xx_HAL_Driver/Src/stm32f3xx_hal_uart.o
                0x0000000008006748                UART_AdvFeatureConfig
 .text.UART_CheckIdleState
                0x000000000800688c       0x92 Drivers/STM32F3xx_HAL_Driver/Src/stm32f3xx_hal_uart.o
                0x000000000800688c                UART_CheckIdleState
 .text.UART_WaitOnFlagUntilTimeout
                0x000000000800691e      0x188 Drivers/STM32F3xx_HAL_Driver/Src/stm32f3xx_hal_uart.o
                0x000000000800691e                UART_WaitOnFlagUntilTimeout
 *fill*         0x0000000008006aa6        0x2 
 .text.__libc_init_array
                0x0000000008006aa8       0x48 d:/st/stm32cubeide_1.6.1/stm32cubeide/plugins/com.st.stm32cube.ide.mcu.externaltools.gnu-tools-for-stm32.9-2020-q2-update.win32_1.5.0.202011040924/tools/bin/../lib/gcc/arm-none-eabi/9.3.1/../../../../arm-none-eabi/lib/thumb/v7e-m+fp/hard\libc_nano.a(lib_a-init.o)
                0x0000000008006aa8                __libc_init_array
 .text.memset   0x0000000008006af0       0x10 d:/st/stm32cubeide_1.6.1/stm32cubeide/plugins/com.st.stm32cube.ide.mcu.externaltools.gnu-tools-for-stm32.9-2020-q2-update.win32_1.5.0.202011040924/tools/bin/../lib/gcc/arm-none-eabi/9.3.1/../../../../arm-none-eabi/lib/thumb/v7e-m+fp/hard\libc_nano.a(lib_a-memset.o)
                0x0000000008006af0                memset
 *(.glue_7)
 .glue_7        0x0000000008006b00        0x0 linker stubs
 *(.glue_7t)
 .glue_7t       0x0000000008006b00        0x0 linker stubs
 *(.eh_frame)
 .eh_frame      0x0000000008006b00        0x0 d:/st/stm32cubeide_1.6.1/stm32cubeide/plugins/com.st.stm32cube.ide.mcu.externaltools.gnu-tools-for-stm32.9-2020-q2-update.win32_1.5.0.202011040924/tools/bin/../lib/gcc/arm-none-eabi/9.3.1/thumb/v7e-m+fp/hard/crtbegin.o
 *(.init)
 .init          0x0000000008006b00        0x4 d:/st/stm32cubeide_1.6.1/stm32cubeide/plugins/com.st.stm32cube.ide.mcu.externaltools.gnu-tools-for-stm32.9-2020-q2-update.win32_1.5.0.202011040924/tools/bin/../lib/gcc/arm-none-eabi/9.3.1/thumb/v7e-m+fp/hard/crti.o
                0x0000000008006b00                _init
 .init          0x0000000008006b04        0x8 d:/st/stm32cubeide_1.6.1/stm32cubeide/plugins/com.st.stm32cube.ide.mcu.externaltools.gnu-tools-for-stm32.9-2020-q2-update.win32_1.5.0.202011040924/tools/bin/../lib/gcc/arm-none-eabi/9.3.1/thumb/v7e-m+fp/hard/crtn.o
 *(.fini)
 .fini          0x0000000008006b0c        0x4 d:/st/stm32cubeide_1.6.1/stm32cubeide/plugins/com.st.stm32cube.ide.mcu.externaltools.gnu-tools-for-stm32.9-2020-q2-update.win32_1.5.0.202011040924/tools/bin/../lib/gcc/arm-none-eabi/9.3.1/thumb/v7e-m+fp/hard/crti.o
                0x0000000008006b0c                _fini
 .fini          0x0000000008006b10        0x8 d:/st/stm32cubeide_1.6.1/stm32cubeide/plugins/com.st.stm32cube.ide.mcu.externaltools.gnu-tools-for-stm32.9-2020-q2-update.win32_1.5.0.202011040924/tools/bin/../lib/gcc/arm-none-eabi/9.3.1/thumb/v7e-m+fp/hard/crtn.o
                0x0000000008006b18                . = ALIGN (0x4)
                0x0000000008006b18                _etext = .

.vfp11_veneer   0x0000000008006b18        0x0
 .vfp11_veneer  0x0000000008006b18        0x0 linker stubs

.v4_bx          0x0000000008006b18        0x0
 .v4_bx         0x0000000008006b18        0x0 linker stubs

.iplt           0x0000000008006b18        0x0
 .iplt          0x0000000008006b18        0x0 d:/st/stm32cubeide_1.6.1/stm32cubeide/plugins/com.st.stm32cube.ide.mcu.externaltools.gnu-tools-for-stm32.9-2020-q2-update.win32_1.5.0.202011040924/tools/bin/../lib/gcc/arm-none-eabi/9.3.1/thumb/v7e-m+fp/hard/crtbegin.o

.rodata         0x0000000008006b18       0x38
                0x0000000008006b18                . = ALIGN (0x4)
 *(.rodata)
 *(.rodata*)
 .rodata.AHBPrescTable
                0x0000000008006b18       0x10 Core/Src/system_stm32f3xx.o
                0x0000000008006b18                AHBPrescTable
 .rodata.APBPrescTable
                0x0000000008006b28        0x8 Core/Src/system_stm32f3xx.o
                0x0000000008006b28                APBPrescTable
 .rodata.aPLLMULFactorTable
                0x0000000008006b30       0x10 Drivers/STM32F3xx_HAL_Driver/Src/stm32f3xx_hal_rcc.o
                0x0000000008006b30                aPLLMULFactorTable
 .rodata.aPredivFactorTable
                0x0000000008006b40       0x10 Drivers/STM32F3xx_HAL_Driver/Src/stm32f3xx_hal_rcc.o
                0x0000000008006b40                aPredivFactorTable
                0x0000000008006b50                . = ALIGN (0x4)

.rel.dyn        0x0000000008006b50        0x0
 .rel.iplt      0x0000000008006b50        0x0 d:/st/stm32cubeide_1.6.1/stm32cubeide/plugins/com.st.stm32cube.ide.mcu.externaltools.gnu-tools-for-stm32.9-2020-q2-update.win32_1.5.0.202011040924/tools/bin/../lib/gcc/arm-none-eabi/9.3.1/thumb/v7e-m+fp/hard/crtbegin.o

.ARM.extab      0x0000000008006b50        0x0
                0x0000000008006b50                . = ALIGN (0x4)
 *(.ARM.extab* .gnu.linkonce.armextab.*)
                0x0000000008006b50                . = ALIGN (0x4)

.ARM            0x0000000008006b50        0x0
                0x0000000008006b50                . = ALIGN (0x4)
                0x0000000008006b50                __exidx_start = .
 *(.ARM.exidx*)
                0x0000000008006b50                __exidx_end = .
                0x0000000008006b50                . = ALIGN (0x4)

.preinit_array  0x0000000008006b50        0x0
                0x0000000008006b50                . = ALIGN (0x4)
                0x0000000008006b50                PROVIDE (__preinit_array_start = .)
 *(.preinit_array*)
                0x0000000008006b50                PROVIDE (__preinit_array_end = .)
                0x0000000008006b50                . = ALIGN (0x4)

.init_array     0x0000000008006b50        0x4
                0x0000000008006b50                . = ALIGN (0x4)
                0x0000000008006b50                PROVIDE (__init_array_start = .)
 *(SORT_BY_NAME(.init_array.*))
 *(.init_array*)
 .init_array    0x0000000008006b50        0x4 d:/st/stm32cubeide_1.6.1/stm32cubeide/plugins/com.st.stm32cube.ide.mcu.externaltools.gnu-tools-for-stm32.9-2020-q2-update.win32_1.5.0.202011040924/tools/bin/../lib/gcc/arm-none-eabi/9.3.1/thumb/v7e-m+fp/hard/crtbegin.o
                0x0000000008006b54                PROVIDE (__init_array_end = .)
                0x0000000008006b54                . = ALIGN (0x4)

.fini_array     0x0000000008006b54        0x4
                0x0000000008006b54                . = ALIGN (0x4)
                [!provide]                        PROVIDE (__fini_array_start = .)
 *(SORT_BY_NAME(.fini_array.*))
 *(.fini_array*)
 .fini_array    0x0000000008006b54        0x4 d:/st/stm32cubeide_1.6.1/stm32cubeide/plugins/com.st.stm32cube.ide.mcu.externaltools.gnu-tools-for-stm32.9-2020-q2-update.win32_1.5.0.202011040924/tools/bin/../lib/gcc/arm-none-eabi/9.3.1/thumb/v7e-m+fp/hard/crtbegin.o
                [!provide]                        PROVIDE (__fini_array_end = .)
                0x0000000008006b58                . = ALIGN (0x4)
                0x0000000008006b58                _sidata = LOADADDR (.data)

.data           0x0000000020000000        0xc load address 0x0000000008006b58
                0x0000000020000000                . = ALIGN (0x4)
                0x0000000020000000                _sdata = .
 *(.data)
 *(.data*)
 .data.SystemCoreClock
                0x0000000020000000        0x4 Core/Src/system_stm32f3xx.o
                0x0000000020000000                SystemCoreClock
 .data.uwTickPrio
                0x0000000020000004        0x4 Drivers/STM32F3xx_HAL_Driver/Src/stm32f3xx_hal.o
                0x0000000020000004                uwTickPrio
 .data.uwTickFreq
                0x0000000020000008        0x1 Drivers/STM32F3xx_HAL_Driver/Src/stm32f3xx_hal.o
                0x0000000020000008                uwTickFreq
 *(.RamFunc)
 *(.RamFunc*)
                0x000000002000000c                . = ALIGN (0x4)
 *fill*         0x0000000020000009        0x3 
                0x000000002000000c                _edata = .

.igot.plt       0x000000002000000c        0x0 load address 0x0000000008006b64
 .igot.plt      0x000000002000000c        0x0 d:/st/stm32cubeide_1.6.1/stm32cubeide/plugins/com.st.stm32cube.ide.mcu.externaltools.gnu-tools-for-stm32.9-2020-q2-update.win32_1.5.0.202011040924/tools/bin/../lib/gcc/arm-none-eabi/9.3.1/thumb/v7e-m+fp/hard/crtbegin.o
                0x000000002000000c                . = ALIGN (0x4)

.bss            0x000000002000000c      0x380 load address 0x0000000008006b64
                0x000000002000000c                _sbss = .
                0x000000002000000c                __bss_start__ = _sbss
 *(.bss)
 .bss           0x000000002000000c       0x1c d:/st/stm32cubeide_1.6.1/stm32cubeide/plugins/com.st.stm32cube.ide.mcu.externaltools.gnu-tools-for-stm32.9-2020-q2-update.win32_1.5.0.202011040924/tools/bin/../lib/gcc/arm-none-eabi/9.3.1/thumb/v7e-m+fp/hard/crtbegin.o
 *(.bss*)
 *(COMMON)
 COMMON         0x0000000020000028       0x68 Core/Src/VNH.o
                0x0000000020000028                hVNH2
                0x0000000020000058                hVNH1
                0x0000000020000088                adc_dma_buffer
 COMMON         0x0000000020000090       0x94 Core/Src/adc.o
                0x0000000020000090                hadc1
                0x00000000200000e0                hdma_adc1
 COMMON         0x0000000020000124       0x28 Core/Src/can.o
                0x0000000020000124                hcan
 COMMON         0x000000002000014c       0x90 Core/Src/i2c.o
                0x000000002000014c                hdma_i2c1_tx
                0x0000000020000190                hi2c1
 COMMON         0x00000000200001dc      0x128 Core/Src/tim.o
                0x00000000200001dc                htim17
                0x0000000020000228                htim3
                0x0000000020000274                htim2
                0x00000000200002c0                hdma_tim17_ch1_up
 COMMON         0x0000000020000304       0x84 Core/Src/usart.o
                0x0000000020000304                huart2
 COMMON         0x0000000020000388        0x4 Drivers/STM32F3xx_HAL_Driver/Src/stm32f3xx_hal.o
                0x0000000020000388                uwTick
                0x000000002000038c                . = ALIGN (0x4)
                0x000000002000038c                _ebss = .
                0x000000002000038c                __bss_end__ = _ebss

._user_heap_stack
                0x000000002000038c      0x604 load address 0x0000000008006b64
                0x0000000020000390                . = ALIGN (0x8)
 *fill*         0x000000002000038c        0x4 
                [!provide]                        PROVIDE (end = .)
                0x0000000020000390                PROVIDE (_end = .)
                0x0000000020000590                . = (. + _Min_Heap_Size)
 *fill*         0x0000000020000390      0x200 
                0x0000000020000990                . = (. + _Min_Stack_Size)
 *fill*         0x0000000020000590      0x400 
                0x0000000020000990                . = ALIGN (0x8)

/DISCARD/
 libc.a(*)
 libm.a(*)
 libgcc.a(*)

.ARM.attributes
                0x0000000000000000       0x30
 *(.ARM.attributes)
 .ARM.attributes
                0x0000000000000000       0x1e d:/st/stm32cubeide_1.6.1/stm32cubeide/plugins/com.st.stm32cube.ide.mcu.externaltools.gnu-tools-for-stm32.9-2020-q2-update.win32_1.5.0.202011040924/tools/bin/../lib/gcc/arm-none-eabi/9.3.1/thumb/v7e-m+fp/hard/crti.o
 .ARM.attributes
                0x000000000000001e       0x34 d:/st/stm32cubeide_1.6.1/stm32cubeide/plugins/com.st.stm32cube.ide.mcu.externaltools.gnu-tools-for-stm32.9-2020-q2-update.win32_1.5.0.202011040924/tools/bin/../lib/gcc/arm-none-eabi/9.3.1/thumb/v7e-m+fp/hard/crtbegin.o
 .ARM.attributes
                0x0000000000000052       0x34 Core/Src/VNH.o
 .ARM.attributes
                0x0000000000000086       0x34 Core/Src/VNH5019_DRV.o
 .ARM.attributes
                0x00000000000000ba       0x34 Core/Src/adc.o
 .ARM.attributes
                0x00000000000000ee       0x34 Core/Src/can.o
 .ARM.attributes
                0x0000000000000122       0x34 Core/Src/dma.o
 .ARM.attributes
                0x0000000000000156       0x34 Core/Src/gpio.o
 .ARM.attributes
                0x000000000000018a       0x34 Core/Src/i2c.o
 .ARM.attributes
                0x00000000000001be       0x34 Core/Src/main.o
 .ARM.attributes
                0x00000000000001f2       0x34 Core/Src/stm32f3xx_hal_msp.o
 .ARM.attributes
                0x0000000000000226       0x34 Core/Src/stm32f3xx_it.o
 .ARM.attributes
                0x000000000000025a       0x34 Core/Src/system_stm32f3xx.o
 .ARM.attributes
                0x000000000000028e       0x34 Core/Src/tim.o
 .ARM.attributes
                0x00000000000002c2       0x34 Core/Src/usart.o
 .ARM.attributes
                0x00000000000002f6       0x21 Core/Startup/startup_stm32f303k6tx.o
 .ARM.attributes
                0x0000000000000317       0x34 Drivers/STM32F3xx_HAL_Driver/Src/stm32f3xx_hal.o
 .ARM.attributes
                0x000000000000034b       0x34 Drivers/STM32F3xx_HAL_Driver/Src/stm32f3xx_hal_adc.o
 .ARM.attributes
                0x000000000000037f       0x34 Drivers/STM32F3xx_HAL_Driver/Src/stm32f3xx_hal_adc_ex.o
 .ARM.attributes
                0x00000000000003b3       0x34 Drivers/STM32F3xx_HAL_Driver/Src/stm32f3xx_hal_can.o
 .ARM.attributes
                0x00000000000003e7       0x34 Drivers/STM32F3xx_HAL_Driver/Src/stm32f3xx_hal_cortex.o
 .ARM.attributes
                0x000000000000041b       0x34 Drivers/STM32F3xx_HAL_Driver/Src/stm32f3xx_hal_dma.o
 .ARM.attributes
                0x000000000000044f       0x34 Drivers/STM32F3xx_HAL_Driver/Src/stm32f3xx_hal_gpio.o
 .ARM.attributes
                0x0000000000000483       0x34 Drivers/STM32F3xx_HAL_Driver/Src/stm32f3xx_hal_i2c.o
 .ARM.attributes
                0x00000000000004b7       0x34 Drivers/STM32F3xx_HAL_Driver/Src/stm32f3xx_hal_i2c_ex.o
 .ARM.attributes
                0x00000000000004eb       0x34 Drivers/STM32F3xx_HAL_Driver/Src/stm32f3xx_hal_rcc.o
 .ARM.attributes
                0x000000000000051f       0x34 Drivers/STM32F3xx_HAL_Driver/Src/stm32f3xx_hal_rcc_ex.o
 .ARM.attributes
                0x0000000000000553       0x34 Drivers/STM32F3xx_HAL_Driver/Src/stm32f3xx_hal_tim.o
 .ARM.attributes
                0x0000000000000587       0x34 Drivers/STM32F3xx_HAL_Driver/Src/stm32f3xx_hal_tim_ex.o
 .ARM.attributes
                0x00000000000005bb       0x34 Drivers/STM32F3xx_HAL_Driver/Src/stm32f3xx_hal_uart.o
 .ARM.attributes
                0x00000000000005ef       0x34 d:/st/stm32cubeide_1.6.1/stm32cubeide/plugins/com.st.stm32cube.ide.mcu.externaltools.gnu-tools-for-stm32.9-2020-q2-update.win32_1.5.0.202011040924/tools/bin/../lib/gcc/arm-none-eabi/9.3.1/../../../../arm-none-eabi/lib/thumb/v7e-m+fp/hard\libc_nano.a(lib_a-init.o)
 .ARM.attributes
                0x0000000000000623       0x34 d:/st/stm32cubeide_1.6.1/stm32cubeide/plugins/com.st.stm32cube.ide.mcu.externaltools.gnu-tools-for-stm32.9-2020-q2-update.win32_1.5.0.202011040924/tools/bin/../lib/gcc/arm-none-eabi/9.3.1/../../../../arm-none-eabi/lib/thumb/v7e-m+fp/hard\libc_nano.a(lib_a-memset.o)
 .ARM.attributes
                0x0000000000000657       0x1e d:/st/stm32cubeide_1.6.1/stm32cubeide/plugins/com.st.stm32cube.ide.mcu.externaltools.gnu-tools-for-stm32.9-2020-q2-update.win32_1.5.0.202011040924/tools/bin/../lib/gcc/arm-none-eabi/9.3.1/thumb/v7e-m+fp/hard/crtn.o
OUTPUT(tester.elf elf32-littlearm)
LOAD linker stubs
LOAD d:/st/stm32cubeide_1.6.1/stm32cubeide/plugins/com.st.stm32cube.ide.mcu.externaltools.gnu-tools-for-stm32.9-2020-q2-update.win32_1.5.0.202011040924/tools/bin/../lib/gcc/arm-none-eabi/9.3.1/../../../../arm-none-eabi/lib/thumb/v7e-m+fp/hard\libc.a
LOAD d:/st/stm32cubeide_1.6.1/stm32cubeide/plugins/com.st.stm32cube.ide.mcu.externaltools.gnu-tools-for-stm32.9-2020-q2-update.win32_1.5.0.202011040924/tools/bin/../lib/gcc/arm-none-eabi/9.3.1/../../../../arm-none-eabi/lib/thumb/v7e-m+fp/hard\libm.a
LOAD d:/st/stm32cubeide_1.6.1/stm32cubeide/plugins/com.st.stm32cube.ide.mcu.externaltools.gnu-tools-for-stm32.9-2020-q2-update.win32_1.5.0.202011040924/tools/bin/../lib/gcc/arm-none-eabi/9.3.1/thumb/v7e-m+fp/hard\libgcc.a

.debug_info     0x0000000000000000    0x225be
 .debug_info    0x0000000000000000     0x1971 Core/Src/VNH.o
 .debug_info    0x0000000000001971      0xb77 Core/Src/VNH5019_DRV.o
 .debug_info    0x00000000000024e8     0x17f8 Core/Src/adc.o
 .debug_info    0x0000000000003ce0     0x15fd Core/Src/can.o
 .debug_info    0x00000000000052dd     0x11d3 Core/Src/dma.o
 .debug_info    0x00000000000064b0     0x1200 Core/Src/gpio.o
 .debug_info    0x00000000000076b0     0x14a9 Core/Src/i2c.o
 .debug_info    0x0000000000008b59     0x2270 Core/Src/main.o
 .debug_info    0x000000000000adc9     0x10a9 Core/Src/stm32f3xx_hal_msp.o
 .debug_info    0x000000000000be72     0x147a Core/Src/stm32f3xx_it.o
 .debug_info    0x000000000000d2ec      0x49a Core/Src/system_stm32f3xx.o
 .debug_info    0x000000000000d786     0x1af5 Core/Src/tim.o
 .debug_info    0x000000000000f27b     0x1568 Core/Src/usart.o
 .debug_info    0x00000000000107e3       0x22 Core/Startup/startup_stm32f303k6tx.o
 .debug_info    0x0000000000010805      0x7b3 Drivers/STM32F3xx_HAL_Driver/Src/stm32f3xx_hal.o
 .debug_info    0x0000000000010fb8      0xc8d Drivers/STM32F3xx_HAL_Driver/Src/stm32f3xx_hal_adc.o
 .debug_info    0x0000000000011c45     0x16c7 Drivers/STM32F3xx_HAL_Driver/Src/stm32f3xx_hal_adc_ex.o
 .debug_info    0x000000000001330c     0x107c Drivers/STM32F3xx_HAL_Driver/Src/stm32f3xx_hal_can.o
 .debug_info    0x0000000000014388      0xbdf Drivers/STM32F3xx_HAL_Driver/Src/stm32f3xx_hal_cortex.o
 .debug_info    0x0000000000014f67      0x839 Drivers/STM32F3xx_HAL_Driver/Src/stm32f3xx_hal_dma.o
 .debug_info    0x00000000000157a0      0x83d Drivers/STM32F3xx_HAL_Driver/Src/stm32f3xx_hal_gpio.o
 .debug_info    0x0000000000015fdd     0x21c4 Drivers/STM32F3xx_HAL_Driver/Src/stm32f3xx_hal_i2c.o
 .debug_info    0x00000000000181a1      0xa2c Drivers/STM32F3xx_HAL_Driver/Src/stm32f3xx_hal_i2c_ex.o
 .debug_info    0x0000000000018bcd     0x15b5 Drivers/STM32F3xx_HAL_Driver/Src/stm32f3xx_hal_rcc.o
 .debug_info    0x000000000001a182      0x60f Drivers/STM32F3xx_HAL_Driver/Src/stm32f3xx_hal_rcc_ex.o
 .debug_info    0x000000000001a791     0x2cf6 Drivers/STM32F3xx_HAL_Driver/Src/stm32f3xx_hal_tim.o
 .debug_info    0x000000000001d487     0x163e Drivers/STM32F3xx_HAL_Driver/Src/stm32f3xx_hal_tim_ex.o
 .debug_info    0x000000000001eac5     0x3af9 Drivers/STM32F3xx_HAL_Driver/Src/stm32f3xx_hal_uart.o

.debug_abbrev   0x0000000000000000     0x3a9e
 .debug_abbrev  0x0000000000000000      0x1f9 Core/Src/VNH.o
 .debug_abbrev  0x00000000000001f9      0x1e5 Core/Src/VNH5019_DRV.o
 .debug_abbrev  0x00000000000003de      0x243 Core/Src/adc.o
 .debug_abbrev  0x0000000000000621      0x247 Core/Src/can.o
 .debug_abbrev  0x0000000000000868      0x1e9 Core/Src/dma.o
 .debug_abbrev  0x0000000000000a51      0x1eb Core/Src/gpio.o
 .debug_abbrev  0x0000000000000c3c      0x243 Core/Src/i2c.o
 .debug_abbrev  0x0000000000000e7f      0x279 Core/Src/main.o
 .debug_abbrev  0x00000000000010f8      0x1eb Core/Src/stm32f3xx_hal_msp.o
 .debug_abbrev  0x00000000000012e3      0x1fa Core/Src/stm32f3xx_it.o
 .debug_abbrev  0x00000000000014dd      0x145 Core/Src/system_stm32f3xx.o
 .debug_abbrev  0x0000000000001622      0x28b Core/Src/tim.o
 .debug_abbrev  0x00000000000018ad      0x227 Core/Src/usart.o
 .debug_abbrev  0x0000000000001ad4       0x12 Core/Startup/startup_stm32f303k6tx.o
 .debug_abbrev  0x0000000000001ae6      0x1ed Drivers/STM32F3xx_HAL_Driver/Src/stm32f3xx_hal.o
 .debug_abbrev  0x0000000000001cd3      0x1a7 Drivers/STM32F3xx_HAL_Driver/Src/stm32f3xx_hal_adc.o
 .debug_abbrev  0x0000000000001e7a      0x253 Drivers/STM32F3xx_HAL_Driver/Src/stm32f3xx_hal_adc_ex.o
 .debug_abbrev  0x00000000000020cd      0x215 Drivers/STM32F3xx_HAL_Driver/Src/stm32f3xx_hal_can.o
 .debug_abbrev  0x00000000000022e2      0x313 Drivers/STM32F3xx_HAL_Driver/Src/stm32f3xx_hal_cortex.o
 .debug_abbrev  0x00000000000025f5      0x228 Drivers/STM32F3xx_HAL_Driver/Src/stm32f3xx_hal_dma.o
 .debug_abbrev  0x000000000000281d      0x1e8 Drivers/STM32F3xx_HAL_Driver/Src/stm32f3xx_hal_gpio.o
 .debug_abbrev  0x0000000000002a05      0x256 Drivers/STM32F3xx_HAL_Driver/Src/stm32f3xx_hal_i2c.o
 .debug_abbrev  0x0000000000002c5b      0x1dd Drivers/STM32F3xx_HAL_Driver/Src/stm32f3xx_hal_i2c_ex.o
 .debug_abbrev  0x0000000000002e38      0x2c4 Drivers/STM32F3xx_HAL_Driver/Src/stm32f3xx_hal_rcc.o
 .debug_abbrev  0x00000000000030fc      0x22b Drivers/STM32F3xx_HAL_Driver/Src/stm32f3xx_hal_rcc_ex.o
 .debug_abbrev  0x0000000000003327      0x25e Drivers/STM32F3xx_HAL_Driver/Src/stm32f3xx_hal_tim.o
 .debug_abbrev  0x0000000000003585      0x266 Drivers/STM32F3xx_HAL_Driver/Src/stm32f3xx_hal_tim_ex.o
 .debug_abbrev  0x00000000000037eb      0x2b3 Drivers/STM32F3xx_HAL_Driver/Src/stm32f3xx_hal_uart.o

.debug_aranges  0x0000000000000000     0x1468
 .debug_aranges
                0x0000000000000000       0x20 Core/Src/VNH.o
 .debug_aranges
                0x0000000000000020       0x80 Core/Src/VNH5019_DRV.o
 .debug_aranges
                0x00000000000000a0       0x30 Core/Src/adc.o
 .debug_aranges
                0x00000000000000d0       0x30 Core/Src/can.o
 .debug_aranges
                0x0000000000000100       0x20 Core/Src/dma.o
 .debug_aranges
                0x0000000000000120       0x20 Core/Src/gpio.o
 .debug_aranges
                0x0000000000000140       0x30 Core/Src/i2c.o
 .debug_aranges
                0x0000000000000170       0x30 Core/Src/main.o
 .debug_aranges
                0x00000000000001a0       0x20 Core/Src/stm32f3xx_hal_msp.o
 .debug_aranges
                0x00000000000001c0       0x90 Core/Src/stm32f3xx_it.o
 .debug_aranges
                0x0000000000000250       0x28 Core/Src/system_stm32f3xx.o
 .debug_aranges
                0x0000000000000278       0x58 Core/Src/tim.o
 .debug_aranges
                0x00000000000002d0       0x30 Core/Src/usart.o
 .debug_aranges
                0x0000000000000300       0x28 Core/Startup/startup_stm32f303k6tx.o
 .debug_aranges
                0x0000000000000328       0xe0 Drivers/STM32F3xx_HAL_Driver/Src/stm32f3xx_hal.o
 .debug_aranges
                0x0000000000000408       0xc8 Drivers/STM32F3xx_HAL_Driver/Src/stm32f3xx_hal_adc.o
 .debug_aranges
                0x00000000000004d0      0x168 Drivers/STM32F3xx_HAL_Driver/Src/stm32f3xx_hal_adc_ex.o
 .debug_aranges
                0x0000000000000638      0x138 Drivers/STM32F3xx_HAL_Driver/Src/stm32f3xx_hal_can.o
 .debug_aranges
                0x0000000000000770      0x100 Drivers/STM32F3xx_HAL_Driver/Src/stm32f3xx_hal_cortex.o
 .debug_aranges
                0x0000000000000870       0x88 Drivers/STM32F3xx_HAL_Driver/Src/stm32f3xx_hal_dma.o
 .debug_aranges
                0x00000000000008f8       0x58 Drivers/STM32F3xx_HAL_Driver/Src/stm32f3xx_hal_gpio.o
 .debug_aranges
                0x0000000000000950      0x290 Drivers/STM32F3xx_HAL_Driver/Src/stm32f3xx_hal_i2c.o
 .debug_aranges
                0x0000000000000be0       0x48 Drivers/STM32F3xx_HAL_Driver/Src/stm32f3xx_hal_i2c_ex.o
 .debug_aranges
                0x0000000000000c28       0x88 Drivers/STM32F3xx_HAL_Driver/Src/stm32f3xx_hal_rcc.o
 .debug_aranges
                0x0000000000000cb0       0x38 Drivers/STM32F3xx_HAL_Driver/Src/stm32f3xx_hal_rcc_ex.o
 .debug_aranges
                0x0000000000000ce8      0x3e0 Drivers/STM32F3xx_HAL_Driver/Src/stm32f3xx_hal_tim.o
 .debug_aranges
                0x00000000000010c8      0x178 Drivers/STM32F3xx_HAL_Driver/Src/stm32f3xx_hal_tim_ex.o
 .debug_aranges
                0x0000000000001240      0x228 Drivers/STM32F3xx_HAL_Driver/Src/stm32f3xx_hal_uart.o

.debug_ranges   0x0000000000000000     0x12e0
 .debug_ranges  0x0000000000000000       0x10 Core/Src/VNH.o
 .debug_ranges  0x0000000000000010       0x70 Core/Src/VNH5019_DRV.o
 .debug_ranges  0x0000000000000080       0x20 Core/Src/adc.o
 .debug_ranges  0x00000000000000a0       0x20 Core/Src/can.o
 .debug_ranges  0x00000000000000c0       0x10 Core/Src/dma.o
 .debug_ranges  0x00000000000000d0       0x10 Core/Src/gpio.o
 .debug_ranges  0x00000000000000e0       0x20 Core/Src/i2c.o
 .debug_ranges  0x0000000000000100       0x20 Core/Src/main.o
 .debug_ranges  0x0000000000000120       0x10 Core/Src/stm32f3xx_hal_msp.o
 .debug_ranges  0x0000000000000130       0x80 Core/Src/stm32f3xx_it.o
 .debug_ranges  0x00000000000001b0       0x18 Core/Src/system_stm32f3xx.o
 .debug_ranges  0x00000000000001c8       0x48 Core/Src/tim.o
 .debug_ranges  0x0000000000000210       0x20 Core/Src/usart.o
 .debug_ranges  0x0000000000000230       0x20 Core/Startup/startup_stm32f303k6tx.o
 .debug_ranges  0x0000000000000250       0xd0 Drivers/STM32F3xx_HAL_Driver/Src/stm32f3xx_hal.o
 .debug_ranges  0x0000000000000320       0xb8 Drivers/STM32F3xx_HAL_Driver/Src/stm32f3xx_hal_adc.o
 .debug_ranges  0x00000000000003d8      0x158 Drivers/STM32F3xx_HAL_Driver/Src/stm32f3xx_hal_adc_ex.o
 .debug_ranges  0x0000000000000530      0x128 Drivers/STM32F3xx_HAL_Driver/Src/stm32f3xx_hal_can.o
 .debug_ranges  0x0000000000000658       0xf0 Drivers/STM32F3xx_HAL_Driver/Src/stm32f3xx_hal_cortex.o
 .debug_ranges  0x0000000000000748       0x78 Drivers/STM32F3xx_HAL_Driver/Src/stm32f3xx_hal_dma.o
 .debug_ranges  0x00000000000007c0       0x48 Drivers/STM32F3xx_HAL_Driver/Src/stm32f3xx_hal_gpio.o
 .debug_ranges  0x0000000000000808      0x280 Drivers/STM32F3xx_HAL_Driver/Src/stm32f3xx_hal_i2c.o
 .debug_ranges  0x0000000000000a88       0x38 Drivers/STM32F3xx_HAL_Driver/Src/stm32f3xx_hal_i2c_ex.o
 .debug_ranges  0x0000000000000ac0       0x78 Drivers/STM32F3xx_HAL_Driver/Src/stm32f3xx_hal_rcc.o
 .debug_ranges  0x0000000000000b38       0x28 Drivers/STM32F3xx_HAL_Driver/Src/stm32f3xx_hal_rcc_ex.o
 .debug_ranges  0x0000000000000b60      0x3d0 Drivers/STM32F3xx_HAL_Driver/Src/stm32f3xx_hal_tim.o
 .debug_ranges  0x0000000000000f30      0x168 Drivers/STM32F3xx_HAL_Driver/Src/stm32f3xx_hal_tim_ex.o
 .debug_ranges  0x0000000000001098      0x248 Drivers/STM32F3xx_HAL_Driver/Src/stm32f3xx_hal_uart.o

.debug_macro    0x0000000000000000     0x4ac6
 .debug_macro   0x0000000000000000      0x351 Core/Src/VNH.o
 .debug_macro   0x0000000000000351       0xdf Core/Src/VNH.o
 .debug_macro   0x0000000000000430      0x174 Core/Src/VNH.o
 .debug_macro   0x00000000000005a4       0x55 Core/Src/VNH.o
 .debug_macro   0x00000000000005f9      0x333 Core/Src/VNH.o
 .debug_macro   0x000000000000092c      0x1fd Core/Src/VNH5019_DRV.o
 .debug_macro   0x0000000000000b29      0x33d Core/Src/adc.o
 .debug_macro   0x0000000000000e66      0x33d Core/Src/can.o
 .debug_macro   0x00000000000011a3      0x33d Core/Src/dma.o
 .debug_macro   0x00000000000014e0      0x33d Core/Src/gpio.o
 .debug_macro   0x000000000000181d      0x33d Core/Src/i2c.o
 .debug_macro   0x0000000000001b5a      0x45a Core/Src/main.o
 .debug_macro   0x0000000000001fb4       0x1c Core/Src/main.o
 .debug_macro   0x0000000000001fd0      0x333 Core/Src/stm32f3xx_hal_msp.o
 .debug_macro   0x0000000000002303      0x33d Core/Src/stm32f3xx_it.o
 .debug_macro   0x0000000000002640      0x1e9 Core/Src/system_stm32f3xx.o
 .debug_macro   0x0000000000002829      0x33d Core/Src/tim.o
 .debug_macro   0x0000000000002b66      0x33d Core/Src/usart.o
 .debug_macro   0x0000000000002ea3      0x20d Drivers/STM32F3xx_HAL_Driver/Src/stm32f3xx_hal.o
 .debug_macro   0x00000000000030b0      0x1ea Drivers/STM32F3xx_HAL_Driver/Src/stm32f3xx_hal_adc.o
 .debug_macro   0x000000000000329a      0x213 Drivers/STM32F3xx_HAL_Driver/Src/stm32f3xx_hal_adc_ex.o
 .debug_macro   0x00000000000034ad      0x1f1 Drivers/STM32F3xx_HAL_Driver/Src/stm32f3xx_hal_can.o
 .debug_macro   0x000000000000369e      0x1e9 Drivers/STM32F3xx_HAL_Driver/Src/stm32f3xx_hal_cortex.o
 .debug_macro   0x0000000000003887      0x1e9 Drivers/STM32F3xx_HAL_Driver/Src/stm32f3xx_hal_dma.o
 .debug_macro   0x0000000000003a70      0x1f0 Drivers/STM32F3xx_HAL_Driver/Src/stm32f3xx_hal_gpio.o
 .debug_macro   0x0000000000003c60      0x2ae Drivers/STM32F3xx_HAL_Driver/Src/stm32f3xx_hal_i2c.o
 .debug_macro   0x0000000000003f0e      0x1e9 Drivers/STM32F3xx_HAL_Driver/Src/stm32f3xx_hal_i2c_ex.o
 .debug_macro   0x00000000000040f7      0x20d Drivers/STM32F3xx_HAL_Driver/Src/stm32f3xx_hal_rcc.o
 .debug_macro   0x0000000000004304      0x1e9 Drivers/STM32F3xx_HAL_Driver/Src/stm32f3xx_hal_rcc_ex.o
 .debug_macro   0x00000000000044ed      0x1ea Drivers/STM32F3xx_HAL_Driver/Src/stm32f3xx_hal_tim.o
 .debug_macro   0x00000000000046d7      0x1e9 Drivers/STM32F3xx_HAL_Driver/Src/stm32f3xx_hal_tim_ex.o
 .debug_macro   0x00000000000048c0      0x206 Drivers/STM32F3xx_HAL_Driver/Src/stm32f3xx_hal_uart.o

.debug_line     0x0000000000000000    0x1c655
 .debug_line    0x0000000000000000      0x96f Core/Src/VNH.o
 .debug_line    0x000000000000096f      0x8ff Core/Src/VNH5019_DRV.o
 .debug_line    0x000000000000126e      0x9c8 Core/Src/adc.o
 .debug_line    0x0000000000001c36      0x965 Core/Src/can.o
 .debug_line    0x000000000000259b      0x8f7 Core/Src/dma.o
 .debug_line    0x0000000000002e92      0x936 Core/Src/gpio.o
 .debug_line    0x00000000000037c8      0x99e Core/Src/i2c.o
 .debug_line    0x0000000000004166      0xa8a Core/Src/main.o
 .debug_line    0x0000000000004bf0      0x8f8 Core/Src/stm32f3xx_hal_msp.o
 .debug_line    0x00000000000054e8      0xa4a Core/Src/stm32f3xx_it.o
 .debug_line    0x0000000000005f32      0x7a1 Core/Src/system_stm32f3xx.o
 .debug_line    0x00000000000066d3      0xb40 Core/Src/tim.o
 .debug_line    0x0000000000007213      0x967 Core/Src/usart.o
 .debug_line    0x0000000000007b7a       0x88 Core/Startup/startup_stm32f303k6tx.o
 .debug_line    0x0000000000007c02      0x9d6 Drivers/STM32F3xx_HAL_Driver/Src/stm32f3xx_hal.o
 .debug_line    0x00000000000085d8      0x91a Drivers/STM32F3xx_HAL_Driver/Src/stm32f3xx_hal_adc.o
 .debug_line    0x0000000000008ef2     0x20c5 Drivers/STM32F3xx_HAL_Driver/Src/stm32f3xx_hal_adc_ex.o
 .debug_line    0x000000000000afb7     0x1175 Drivers/STM32F3xx_HAL_Driver/Src/stm32f3xx_hal_can.o
 .debug_line    0x000000000000c12c      0xbbe Drivers/STM32F3xx_HAL_Driver/Src/stm32f3xx_hal_cortex.o
 .debug_line    0x000000000000ccea      0xcc4 Drivers/STM32F3xx_HAL_Driver/Src/stm32f3xx_hal_dma.o
 .debug_line    0x000000000000d9ae      0xb23 Drivers/STM32F3xx_HAL_Driver/Src/stm32f3xx_hal_gpio.o
 .debug_line    0x000000000000e4d1     0x32e5 Drivers/STM32F3xx_HAL_Driver/Src/stm32f3xx_hal_i2c.o
 .debug_line    0x00000000000117b6      0x948 Drivers/STM32F3xx_HAL_Driver/Src/stm32f3xx_hal_i2c_ex.o
 .debug_line    0x00000000000120fe     0x13b0 Drivers/STM32F3xx_HAL_Driver/Src/stm32f3xx_hal_rcc.o
 .debug_line    0x00000000000134ae      0xa79 Drivers/STM32F3xx_HAL_Driver/Src/stm32f3xx_hal_rcc_ex.o
 .debug_line    0x0000000000013f27     0x3bfb Drivers/STM32F3xx_HAL_Driver/Src/stm32f3xx_hal_tim.o
 .debug_line    0x0000000000017b22     0x1a49 Drivers/STM32F3xx_HAL_Driver/Src/stm32f3xx_hal_tim_ex.o
 .debug_line    0x000000000001956b     0x30ea Drivers/STM32F3xx_HAL_Driver/Src/stm32f3xx_hal_uart.o

.debug_str      0x0000000000000000    0xb0637
 .debug_str     0x0000000000000000    0xaa1fc Core/Src/VNH.o
                                      0xaa6a2 (size before relaxing)
 .debug_str     0x00000000000aa1fc       0xf2 Core/Src/VNH5019_DRV.o
                                      0xa66b0 (size before relaxing)
 .debug_str     0x00000000000aa2ee      0x37a Core/Src/adc.o
                                      0xaa6c4 (size before relaxing)
 .debug_str     0x00000000000aa668      0x255 Core/Src/can.o
                                      0xaa356 (size before relaxing)
 .debug_str     0x00000000000aa8bd       0x29 Core/Src/dma.o
                                      0xaa32a (size before relaxing)
 .debug_str     0x00000000000aa8e6       0x2c Core/Src/gpio.o
                                      0xaa0cd (size before relaxing)
 .debug_str     0x00000000000aa912       0xab Core/Src/i2c.o
                                      0xaa46e (size before relaxing)
 .debug_str     0x00000000000aa9bd     0x1322 Core/Src/main.o
                                      0xabbf5 (size before relaxing)
 .debug_str     0x00000000000abcdf       0x2c Core/Src/stm32f3xx_hal_msp.o
                                      0xaa049 (size before relaxing)
 .debug_str     0x00000000000abd0b      0x140 Core/Src/stm32f3xx_it.o
                                      0xaa396 (size before relaxing)
 .debug_str     0x00000000000abe4b       0xb3 Core/Src/system_stm32f3xx.o
                                      0xa60c3 (size before relaxing)
 .debug_str     0x00000000000abefe      0x31f Core/Src/tim.o
                                      0xaa7c1 (size before relaxing)
 .debug_str     0x00000000000ac21d       0x57 Core/Src/usart.o
                                      0xaa2f7 (size before relaxing)
 .debug_str     0x00000000000ac274       0x36 Core/Startup/startup_stm32f303k6tx.o
                                         0x6f (size before relaxing)
 .debug_str     0x00000000000ac2aa      0x305 Drivers/STM32F3xx_HAL_Driver/Src/stm32f3xx_hal.o
                                      0xa6711 (size before relaxing)
 .debug_str     0x00000000000ac5af      0x22f Drivers/STM32F3xx_HAL_Driver/Src/stm32f3xx_hal_adc.o
                                      0xa66ee (size before relaxing)
 .debug_str     0x00000000000ac7de      0x6ba Drivers/STM32F3xx_HAL_Driver/Src/stm32f3xx_hal_adc_ex.o
                                      0xa6d1b (size before relaxing)
 .debug_str     0x00000000000ace98      0x56e Drivers/STM32F3xx_HAL_Driver/Src/stm32f3xx_hal_can.o
                                      0xa686a (size before relaxing)
 .debug_str     0x00000000000ad406      0x284 Drivers/STM32F3xx_HAL_Driver/Src/stm32f3xx_hal_cortex.o
                                      0xa66f2 (size before relaxing)
 .debug_str     0x00000000000ad68a      0x248 Drivers/STM32F3xx_HAL_Driver/Src/stm32f3xx_hal_dma.o
                                      0xa643d (size before relaxing)
 .debug_str     0x00000000000ad8d2      0x14d Drivers/STM32F3xx_HAL_Driver/Src/stm32f3xx_hal_gpio.o
                                      0xa62e0 (size before relaxing)
 .debug_str     0x00000000000ada1f      0xdc1 Drivers/STM32F3xx_HAL_Driver/Src/stm32f3xx_hal_i2c.o
                                      0xa7319 (size before relaxing)
 .debug_str     0x00000000000ae7e0       0xb8 Drivers/STM32F3xx_HAL_Driver/Src/stm32f3xx_hal_i2c_ex.o
                                      0xa6680 (size before relaxing)
 .debug_str     0x00000000000ae898      0x2de Drivers/STM32F3xx_HAL_Driver/Src/stm32f3xx_hal_rcc.o
                                      0xa6531 (size before relaxing)
 .debug_str     0x00000000000aeb76       0xd8 Drivers/STM32F3xx_HAL_Driver/Src/stm32f3xx_hal_rcc_ex.o
                                      0xa6245 (size before relaxing)
 .debug_str     0x00000000000aec4e      0xceb Drivers/STM32F3xx_HAL_Driver/Src/stm32f3xx_hal_tim.o
                                      0xa7486 (size before relaxing)
 .debug_str     0x00000000000af939      0x494 Drivers/STM32F3xx_HAL_Driver/Src/stm32f3xx_hal_tim_ex.o
                                      0xa6c8a (size before relaxing)
 .debug_str     0x00000000000afdcd      0x86a Drivers/STM32F3xx_HAL_Driver/Src/stm32f3xx_hal_uart.o
                                      0xa6d41 (size before relaxing)

.comment        0x0000000000000000       0x53
 .comment       0x0000000000000000       0x53 Core/Src/VNH.o
                                         0x54 (size before relaxing)
 .comment       0x0000000000000053       0x54 Core/Src/VNH5019_DRV.o
 .comment       0x0000000000000053       0x54 Core/Src/adc.o
 .comment       0x0000000000000053       0x54 Core/Src/can.o
 .comment       0x0000000000000053       0x54 Core/Src/dma.o
 .comment       0x0000000000000053       0x54 Core/Src/gpio.o
 .comment       0x0000000000000053       0x54 Core/Src/i2c.o
 .comment       0x0000000000000053       0x54 Core/Src/main.o
 .comment       0x0000000000000053       0x54 Core/Src/stm32f3xx_hal_msp.o
 .comment       0x0000000000000053       0x54 Core/Src/stm32f3xx_it.o
 .comment       0x0000000000000053       0x54 Core/Src/system_stm32f3xx.o
 .comment       0x0000000000000053       0x54 Core/Src/tim.o
 .comment       0x0000000000000053       0x54 Core/Src/usart.o
 .comment       0x0000000000000053       0x54 Drivers/STM32F3xx_HAL_Driver/Src/stm32f3xx_hal.o
 .comment       0x0000000000000053       0x54 Drivers/STM32F3xx_HAL_Driver/Src/stm32f3xx_hal_adc.o
 .comment       0x0000000000000053       0x54 Drivers/STM32F3xx_HAL_Driver/Src/stm32f3xx_hal_adc_ex.o
 .comment       0x0000000000000053       0x54 Drivers/STM32F3xx_HAL_Driver/Src/stm32f3xx_hal_can.o
 .comment       0x0000000000000053       0x54 Drivers/STM32F3xx_HAL_Driver/Src/stm32f3xx_hal_cortex.o
 .comment       0x0000000000000053       0x54 Drivers/STM32F3xx_HAL_Driver/Src/stm32f3xx_hal_dma.o
 .comment       0x0000000000000053       0x54 Drivers/STM32F3xx_HAL_Driver/Src/stm32f3xx_hal_gpio.o
 .comment       0x0000000000000053       0x54 Drivers/STM32F3xx_HAL_Driver/Src/stm32f3xx_hal_i2c.o
 .comment       0x0000000000000053       0x54 Drivers/STM32F3xx_HAL_Driver/Src/stm32f3xx_hal_i2c_ex.o
 .comment       0x0000000000000053       0x54 Drivers/STM32F3xx_HAL_Driver/Src/stm32f3xx_hal_rcc.o
 .comment       0x0000000000000053       0x54 Drivers/STM32F3xx_HAL_Driver/Src/stm32f3xx_hal_rcc_ex.o
 .comment       0x0000000000000053       0x54 Drivers/STM32F3xx_HAL_Driver/Src/stm32f3xx_hal_tim.o
 .comment       0x0000000000000053       0x54 Drivers/STM32F3xx_HAL_Driver/Src/stm32f3xx_hal_tim_ex.o
 .comment       0x0000000000000053       0x54 Drivers/STM32F3xx_HAL_Driver/Src/stm32f3xx_hal_uart.o

.debug_frame    0x0000000000000000     0x54e0
 .debug_frame   0x0000000000000000       0x34 Core/Src/VNH.o
 .debug_frame   0x0000000000000034      0x1ec Core/Src/VNH5019_DRV.o
 .debug_frame   0x0000000000000220       0x7c Core/Src/adc.o
 .debug_frame   0x000000000000029c       0x74 Core/Src/can.o
 .debug_frame   0x0000000000000310       0x34 Core/Src/dma.o
 .debug_frame   0x0000000000000344       0x34 Core/Src/gpio.o
 .debug_frame   0x0000000000000378       0x74 Core/Src/i2c.o
 .debug_frame   0x00000000000003ec       0x68 Core/Src/main.o
 .debug_frame   0x0000000000000454       0x38 Core/Src/stm32f3xx_hal_msp.o
 .debug_frame   0x000000000000048c      0x1ac Core/Src/stm32f3xx_it.o
 .debug_frame   0x0000000000000638       0x58 Core/Src/system_stm32f3xx.o
 .debug_frame   0x0000000000000690      0x130 Core/Src/tim.o
 .debug_frame   0x00000000000007c0       0x74 Core/Src/usart.o
 .debug_frame   0x0000000000000834      0x334 Drivers/STM32F3xx_HAL_Driver/Src/stm32f3xx_hal.o
 .debug_frame   0x0000000000000b68      0x380 Drivers/STM32F3xx_HAL_Driver/Src/stm32f3xx_hal_adc.o
 .debug_frame   0x0000000000000ee8      0x638 Drivers/STM32F3xx_HAL_Driver/Src/stm32f3xx_hal_adc_ex.o
 .debug_frame   0x0000000000001520      0x5a0 Drivers/STM32F3xx_HAL_Driver/Src/stm32f3xx_hal_can.o
 .debug_frame   0x0000000000001ac0      0x428 Drivers/STM32F3xx_HAL_Driver/Src/stm32f3xx_hal_cortex.o
 .debug_frame   0x0000000000001ee8      0x224 Drivers/STM32F3xx_HAL_Driver/Src/stm32f3xx_hal_dma.o
 .debug_frame   0x000000000000210c      0x14c Drivers/STM32F3xx_HAL_Driver/Src/stm32f3xx_hal_gpio.o
 .debug_frame   0x0000000000002258      0xbe8 Drivers/STM32F3xx_HAL_Driver/Src/stm32f3xx_hal_i2c.o
 .debug_frame   0x0000000000002e40      0x100 Drivers/STM32F3xx_HAL_Driver/Src/stm32f3xx_hal_i2c_ex.o
 .debug_frame   0x0000000000002f40      0x214 Drivers/STM32F3xx_HAL_Driver/Src/stm32f3xx_hal_rcc.o
 .debug_frame   0x0000000000003154       0xb4 Drivers/STM32F3xx_HAL_Driver/Src/stm32f3xx_hal_rcc_ex.o
 .debug_frame   0x0000000000003208     0x121c Drivers/STM32F3xx_HAL_Driver/Src/stm32f3xx_hal_tim.o
 .debug_frame   0x0000000000004424      0x688 Drivers/STM32F3xx_HAL_Driver/Src/stm32f3xx_hal_tim_ex.o
 .debug_frame   0x0000000000004aac      0x9e8 Drivers/STM32F3xx_HAL_Driver/Src/stm32f3xx_hal_uart.o
 .debug_frame   0x0000000000005494       0x2c d:/st/stm32cubeide_1.6.1/stm32cubeide/plugins/com.st.stm32cube.ide.mcu.externaltools.gnu-tools-for-stm32.9-2020-q2-update.win32_1.5.0.202011040924/tools/bin/../lib/gcc/arm-none-eabi/9.3.1/../../../../arm-none-eabi/lib/thumb/v7e-m+fp/hard\libc_nano.a(lib_a-init.o)
 .debug_frame   0x00000000000054c0       0x20 d:/st/stm32cubeide_1.6.1/stm32cubeide/plugins/com.st.stm32cube.ide.mcu.externaltools.gnu-tools-for-stm32.9-2020-q2-update.win32_1.5.0.202011040924/tools/bin/../lib/gcc/arm-none-eabi/9.3.1/../../../../arm-none-eabi/lib/thumb/v7e-m+fp/hard\libc_nano.a(lib_a-memset.o)
