SSD1306.c:90:13:SSD1306_send_com	32	static
SSD1306.c:178:6:SSD1306_draw_pixel	12	static
SSD1306.c:221:6:SSD1306_display_clear	0	static
SSD1306.c:95:6:SSD1306_init	8	static
SSD1306.c:280:6:SSD1306_draw_fast_hline_internal	12	static
SSD1306.c:379:6:SSD1306_draw_fast_vline_internal	20	static
SSD1306.c:242:6:SSD1306_draw_fast_hline	12	static
SSD1306.c:342:6:SSD1306_draw_fast_vline	4	static
SSD1306.c:507:6:SSD1306_get_pixel	8	static
SSD1306.c:538:10:SSD1306_get_buffer	0	static
SSD1306.c:550:6:SSD1306_display_repaint	16	static
SSD1306.c:574:6:SSD1306_start_scroll_right	16	static
SSD1306.c:597:6:SSD1306_start_scroll_left	16	static
SSD1306.c:620:6:SSD1306_start_scroll_diagright	16	static
SSD1306.c:646:6:SSD1306_start_scroll_diagleft	16	static
SSD1306.c:667:6:SSD1306_stop_scroll	0	static
SSD1306.c:685:6:SSD1306_display_invert	0	static
SSD1306.c:698:6:SSD1306_set_contrast	8	static
SSD1306.c:708:6:SSD1306_set_rotation	0	static
SSD1306.c:713:9:SSD1306_get_rotation	0	static
