SSD1306.c:88:13:SSD1306_send_com	32	static
SSD1306.c:176:6:SSD1306_draw_pixel	12	static
SSD1306.c:219:6:SSD1306_display_clear	0	static
SSD1306.c:93:6:SSD1306_init	8	static
SSD1306.c:278:6:SSD1306_draw_fast_hline_internal	12	static
SSD1306.c:377:6:SSD1306_draw_fast_vline_internal	20	static
SSD1306.c:240:6:SSD1306_draw_fast_hline	12	static
SSD1306.c:340:6:SSD1306_draw_fast_vline	4	static
SSD1306.c:505:6:SSD1306_get_pixel	8	static
SSD1306.c:536:10:SSD1306_get_buffer	0	static
SSD1306.c:548:6:SSD1306_display_repaint	16	static
SSD1306.c:572:6:SSD1306_start_scroll_right	16	static
SSD1306.c:595:6:SSD1306_start_scroll_left	16	static
SSD1306.c:618:6:SSD1306_start_scroll_diagright	16	static
SSD1306.c:644:6:SSD1306_start_scroll_diagleft	16	static
SSD1306.c:665:6:SSD1306_stop_scroll	0	static
SSD1306.c:683:6:SSD1306_display_invert	0	static
SSD1306.c:696:6:SSD1306_set_contrast	8	static
SSD1306.c:706:6:SSD1306_set_rotation	0	static
SSD1306.c:711:9:SSD1306_get_rotation	0	static
