SSD1306.c:77:16:platform_write	32	static
SSD1306.c:83:16:platform_write_dma	24	static
SSD1306.c:90:13:SSD1306_send_com	16	static
SSD1306.c:95:6:SSD1306_init	16	static
SSD1306.c:178:6:SSD1306_draw_pixel	24	static
SSD1306.c:221:6:SSD1306_display_clear	8	static
SSD1306.c:242:6:SSD1306_draw_fast_hline	32	static
SSD1306.c:280:6:SSD1306_draw_fast_hline_internal	24	static
SSD1306.c:342:6:SSD1306_draw_fast_vline	32	static
SSD1306.c:379:6:SSD1306_draw_fast_vline_internal	32	static
SSD1306.c:507:6:SSD1306_get_pixel	16	static
SSD1306.c:538:10:SSD1306_get_buffer	4	static
SSD1306.c:550:6:SSD1306_display_repaint	16	static
SSD1306.c:574:6:SSD1306_start_scroll_right	16	static
SSD1306.c:597:6:SSD1306_start_scroll_left	16	static
SSD1306.c:620:6:SSD1306_start_scroll_diagright	16	static
SSD1306.c:646:6:SSD1306_start_scroll_diagleft	16	static
SSD1306.c:667:6:SSD1306_stop_scroll	8	static
SSD1306.c:685:6:SSD1306_display_invert	16	static
SSD1306.c:698:6:SSD1306_set_contrast	16	static
SSD1306.c:708:6:SSD1306_set_rotation	16	static
SSD1306.c:713:9:SSD1306_get_rotation	4	static
